[ initGraph ] Graph initialized: N=10000, D=128, R=64
[ runVamana ]
Vamana<T__>::Vamana: 0.259741 sec
[WorkloadGenerator] Loaded 10000 vectors (Dim: 128) from siftsmall/siftsmall_base.fvecs (Direct conversion).
[populateGraphVectors] Overwrote 10000 vectors in graph from ground truth source.
[ searchPoints2 ]
vamanaInner mallocs: (searchPoints2) done
greedySearch done
Vamana<T__>::search (total) done
[Main] Iter 0: Opened: gt_0.bin, size: 1436008, cache_size: 1436008
Reading truthset file gt_0.bin ...
Metadata: #pts = 1795, #dims = 100... 
Opened: res_0.bin, size: 1428828, cache_size: 1428828
Reading truthset file res_0.bin ...
Metadata: #pts = 1795, #dims = 199... 
Calculating recall@10
Avg. recall@10 is 0.0167131
[ searchPoints2 ]
vamanaInner mallocs: (searchPoints2) done
greedySearch done
Vamana<T__>::search (total) done
[Main] Iter 1: Opened: gt_1.bin, size: 1434408, cache_size: 1434408
Reading truthset file gt_1.bin ...
Metadata: #pts = 1793, #dims = 100... 
Opened: res_1.bin, size: 1427236, cache_size: 1427236
Reading truthset file res_1.bin ...
Metadata: #pts = 1793, #dims = 199... 
Calculating recall@10
Avg. recall@10 is 0.00557724
[ searchPoints2 ]
vamanaInner mallocs: (searchPoints2) done
greedySearch done
Vamana<T__>::search (total) done
[Main] Iter 2: Opened: gt_2.bin, size: 1432008, cache_size: 1432008
Reading truthset file gt_2.bin ...
Metadata: #pts = 1790, #dims = 100... 
Opened: res_2.bin, size: 1424848, cache_size: 1424848
Reading truthset file res_2.bin ...
Metadata: #pts = 1790, #dims = 199... 
Calculating recall@10
Avg. recall@10 is 0.0111732
[ searchPoints2 ]
vamanaInner mallocs: (searchPoints2) done
greedySearch done
Vamana<T__>::search (total) done
[Main] Iter 3: Opened: gt_3.bin, size: 1418408, cache_size: 1418408
Reading truthset file gt_3.bin ...
Metadata: #pts = 1773, #dims = 100... 
Opened: res_3.bin, size: 1411316, cache_size: 1411316
Reading truthset file res_3.bin ...
Metadata: #pts = 1773, #dims = 199... 
Calculating recall@10
Avg. recall@10 is 0.0112803
[ searchPoints2 ]
vamanaInner mallocs: (searchPoints2) done
greedySearch done
Vamana<T__>::search (total) done
[Main] Iter 4: Opened: gt_4.bin, size: 1456008, cache_size: 1456008
Reading truthset file gt_4.bin ...
Metadata: #pts = 1820, #dims = 100... 
Opened: res_4.bin, size: 1448728, cache_size: 1448728
Reading truthset file res_4.bin ...
Metadata: #pts = 1820, #dims = 199... 
Calculating recall@10
Avg. recall@10 is 0.010989
[ searchPoints2 ]
vamanaInner mallocs: (searchPoints2) done
greedySearch done
Vamana<T__>::search (total) done
[Main] Iter 5: Opened: gt_5.bin, size: 1427208, cache_size: 1427208
Reading truthset file gt_5.bin ...
Metadata: #pts = 1784, #dims = 100... 
Opened: res_5.bin, size: 1420072, cache_size: 1420072
Reading truthset file res_5.bin ...
Metadata: #pts = 1784, #dims = 199... 
Calculating recall@10
Avg. recall@10 is 0.0112108
[ searchPoints2 ]
vamanaInner mallocs: (searchPoints2) done
greedySearch done
Vamana<T__>::search (total) done
[Main] Iter 6: Opened: gt_6.bin, size: 1445608, cache_size: 1445608
Reading truthset file gt_6.bin ...
Metadata: #pts = 1807, #dims = 100... 
Opened: res_6.bin, size: 1438380, cache_size: 1438380
Reading truthset file res_6.bin ...
Metadata: #pts = 1807, #dims = 199... 
Calculating recall@10
Avg. recall@10 is 0.0166021
[ searchPoints2 ]
vamanaInner mallocs: (searchPoints2) done
greedySearch done
Vamana<T__>::search (total) done
[Main] Iter 7: Opened: gt_7.bin, size: 1452808, cache_size: 1452808
Reading truthset file gt_7.bin ...
Metadata: #pts = 1816, #dims = 100... 
Opened: res_7.bin, size: 1445544, cache_size: 1445544
Reading truthset file res_7.bin ...
Metadata: #pts = 1816, #dims = 199... 
Calculating recall@10
Avg. recall@10 is 0
[ searchPoints2 ]
vamanaInner mallocs: (searchPoints2) done
greedySearch done
Vamana<T__>::search (total) done
[Main] Iter 8: Opened: gt_8.bin, size: 1440008, cache_size: 1440008
Reading truthset file gt_8.bin ...
Metadata: #pts = 1800, #dims = 100... 
Opened: res_8.bin, size: 1432808, cache_size: 1432808
Reading truthset file res_8.bin ...
Metadata: #pts = 1800, #dims = 199... 
Calculating recall@10
Avg. recall@10 is 0.00555556
[ searchPoints2 ]
vamanaInner mallocs: (searchPoints2) done
greedySearch done
Vamana<T__>::search (total) done
[Main] Iter 9: Opened: gt_9.bin, size: 1447208, cache_size: 1447208
Reading truthset file gt_9.bin ...
Metadata: #pts = 1809, #dims = 100... 
Opened: res_9.bin, size: 1439972, cache_size: 1439972
Reading truthset file res_9.bin ...
Metadata: #pts = 1809, #dims = 199... 
Calculating recall@10
Avg. recall@10 is 0.00552792
[ searchPoints2 ]
vamanaInner mallocs: (searchPoints2) done
greedySearch done
Vamana<T__>::search (total) done
[Main] Iter 10: Opened: gt_10.bin, size: 1440808, cache_size: 1440808
Reading truthset file gt_10.bin ...
Metadata: #pts = 1801, #dims = 100... 
Opened: res_10.bin, size: 1433604, cache_size: 1433604
Reading truthset file res_10.bin ...
Metadata: #pts = 1801, #dims = 199... 
Calculating recall@10
Avg. recall@10 is 0.00555247

[Main] Consolidating graph via patchGraph() ...
[ searchPoints2 ]
vamanaInner mallocs: (searchPoints2) done
greedySearch done
Vamana<T__>::search (total) done
[Main] Iter 11: Opened: gt_11.bin, size: 1420808, cache_size: 1420808
Reading truthset file gt_11.bin ...
Metadata: #pts = 1776, #dims = 100... 
Opened: res_11.bin, size: 1413704, cache_size: 1413704
Reading truthset file res_11.bin ...
Metadata: #pts = 1776, #dims = 199... 
Calculating recall@10
Avg. recall@10 is 0.00563063
[ searchPoints2 ]
vamanaInner mallocs: (searchPoints2) done
greedySearch done
Vamana<T__>::search (total) done
[Main] Iter 12: Opened: gt_12.bin, size: 1448008, cache_size: 1448008
Reading truthset file gt_12.bin ...
Metadata: #pts = 1810, #dims = 100... 
Opened: res_12.bin, size: 1440768, cache_size: 1440768
Reading truthset file res_12.bin ...
Metadata: #pts = 1810, #dims = 199... 
Calculating recall@10
Avg. recall@10 is 0.0165746
[ searchPoints2 ]
vamanaInner mallocs: (searchPoints2) done
greedySearch done
Vamana<T__>::search (total) done
[Main] Iter 13: Opened: gt_13.bin, size: 1426408, cache_size: 1426408
Reading truthset file gt_13.bin ...
Metadata: #pts = 1783, #dims = 100... 
Opened: res_13.bin, size: 1419276, cache_size: 1419276
Reading truthset file res_13.bin ...
Metadata: #pts = 1783, #dims = 199... 
Calculating recall@10
Avg. recall@10 is 0.00560852
[ searchPoints2 ]
vamanaInner mallocs: (searchPoints2) done
greedySearch done
Vamana<T__>::search (total) done
[Main] Iter 14: Opened: gt_14.bin, size: 1429608, cache_size: 1429608
Reading truthset file gt_14.bin ...
Metadata: #pts = 1787, #dims = 100... 
Opened: res_14.bin, size: 1422460, cache_size: 1422460
Reading truthset file res_14.bin ...
Metadata: #pts = 1787, #dims = 199... 
Calculating recall@10
Avg. recall@10 is 0
[ searchPoints2 ]
vamanaInner mallocs: (searchPoints2) done
greedySearch done
Vamana<T__>::search (total) done
[Main] Iter 15: Opened: gt_15.bin, size: 1436008, cache_size: 1436008
Reading truthset file gt_15.bin ...
Metadata: #pts = 1795, #dims = 100... 
Opened: res_15.bin, size: 1428828, cache_size: 1428828
Reading truthset file res_15.bin ...
Metadata: #pts = 1795, #dims = 199... 
Calculating recall@10
Avg. recall@10 is 0.00557103
[ searchPoints2 ]
vamanaInner mallocs: (searchPoints2) done
greedySearch done
Vamana<T__>::search (total) done
[Main] Iter 16: Opened: gt_16.bin, size: 1440808, cache_size: 1440808
Reading truthset file gt_16.bin ...
Metadata: #pts = 1801, #dims = 100... 
Opened: res_16.bin, size: 1433604, cache_size: 1433604
Reading truthset file res_16.bin ...
Metadata: #pts = 1801, #dims = 199... 
Calculating recall@10
Avg. recall@10 is 0.0111049
[ searchPoints2 ]
vamanaInner mallocs: (searchPoints2) done
greedySearch done
Vamana<T__>::search (total) done
[Main] Iter 17: Opened: gt_17.bin, size: 1438408, cache_size: 1438408
Reading truthset file gt_17.bin ...
Metadata: #pts = 1798, #dims = 100... 
Opened: res_17.bin, size: 1431216, cache_size: 1431216
Reading truthset file res_17.bin ...
Metadata: #pts = 1798, #dims = 199... 
Calculating recall@10
Avg. recall@10 is 0
[ searchPoints2 ]
vamanaInner mallocs: (searchPoints2) done
greedySearch done
Vamana<T__>::search (total) done
[Main] Iter 18: Opened: gt_18.bin, size: 1432008, cache_size: 1432008
Reading truthset file gt_18.bin ...
Metadata: #pts = 1790, #dims = 100... 
Opened: res_18.bin, size: 1424848, cache_size: 1424848
Reading truthset file res_18.bin ...
Metadata: #pts = 1790, #dims = 199... 
Calculating recall@10
Avg. recall@10 is 0.0111732
[ searchPoints2 ]
vamanaInner mallocs: (searchPoints2) done
greedySearch done
Vamana<T__>::search (total) done
[Main] Iter 19: Opened: gt_19.bin, size: 1440808, cache_size: 1440808
Reading truthset file gt_19.bin ...
Metadata: #pts = 1801, #dims = 100... 
Opened: res_19.bin, size: 1433604, cache_size: 1433604
Reading truthset file res_19.bin ...
Metadata: #pts = 1801, #dims = 199... 
Calculating recall@10
Avg. recall@10 is 0.00555247
[ searchPoints2 ]
vamanaInner mallocs: (searchPoints2) done
greedySearch done
Vamana<T__>::search (total) done
[Main] Iter 20: Opened: gt_20.bin, size: 1448008, cache_size: 1448008
Reading truthset file gt_20.bin ...
Metadata: #pts = 1810, #dims = 100... 
Opened: res_20.bin, size: 1440768, cache_size: 1440768
Reading truthset file res_20.bin ...
Metadata: #pts = 1810, #dims = 199... 
Calculating recall@10
Avg. recall@10 is 0.0110497

[Main] Consolidating graph via patchGraph() ...
[ searchPoints2 ]
vamanaInner mallocs: (searchPoints2) done
greedySearch done
Vamana<T__>::search (total) done
[Main] Iter 21: Opened: gt_21.bin, size: 1430408, cache_size: 1430408
Reading truthset file gt_21.bin ...
Metadata: #pts = 1788, #dims = 100... 
Opened: res_21.bin, size: 1423256, cache_size: 1423256
Reading truthset file res_21.bin ...
Metadata: #pts = 1788, #dims = 199... 
Calculating recall@10
Avg. recall@10 is 0.00559284
[ searchPoints2 ]
vamanaInner mallocs: (searchPoints2) done
greedySearch done
Vamana<T__>::search (total) done
[Main] Iter 22: Opened: gt_22.bin, size: 1439208, cache_size: 1439208
Reading truthset file gt_22.bin ...
Metadata: #pts = 1799, #dims = 100... 
Opened: res_22.bin, size: 1432012, cache_size: 1432012
Reading truthset file res_22.bin ...
Metadata: #pts = 1799, #dims = 199... 
Calculating recall@10
Avg. recall@10 is 0.00555864
[ searchPoints2 ]
vamanaInner mallocs: (searchPoints2) done
greedySearch done
Vamana<T__>::search (total) done
[Main] Iter 23: Opened: gt_23.bin, size: 1442408, cache_size: 1442408
Reading truthset file gt_23.bin ...
Metadata: #pts = 1803, #dims = 100... 
Opened: res_23.bin, size: 1435196, cache_size: 1435196
Reading truthset file res_23.bin ...
Metadata: #pts = 1803, #dims = 199... 
Calculating recall@10
Avg. recall@10 is 0
[ searchPoints2 ]
vamanaInner mallocs: (searchPoints2) done
greedySearch done
Vamana<T__>::search (total) done
[Main] Iter 24: Opened: gt_24.bin, size: 1452008, cache_size: 1452008
Reading truthset file gt_24.bin ...
Metadata: #pts = 1815, #dims = 100... 
Opened: res_24.bin, size: 1444748, cache_size: 1444748
Reading truthset file res_24.bin ...
Metadata: #pts = 1815, #dims = 199... 
Calculating recall@10
Avg. recall@10 is 0.00550964
[ searchPoints2 ]
vamanaInner mallocs: (searchPoints2) done
greedySearch done
Vamana<T__>::search (total) done
[Main] Iter 25: Opened: gt_25.bin, size: 1454408, cache_size: 1454408
Reading truthset file gt_25.bin ...
Metadata: #pts = 1818, #dims = 100... 
Opened: res_25.bin, size: 1447136, cache_size: 1447136
Reading truthset file res_25.bin ...
Metadata: #pts = 1818, #dims = 199... 
Calculating recall@10
Avg. recall@10 is 0.00550055
[ searchPoints2 ]
vamanaInner mallocs: (searchPoints2) done
greedySearch done
Vamana<T__>::search (total) done
[Main] Iter 26: Opened: gt_26.bin, size: 1427208, cache_size: 1427208
Reading truthset file gt_26.bin ...
Metadata: #pts = 1784, #dims = 100... 
Opened: res_26.bin, size: 1420072, cache_size: 1420072
Reading truthset file res_26.bin ...
Metadata: #pts = 1784, #dims = 199... 
Calculating recall@10
Avg. recall@10 is 0
[ searchPoints2 ]
vamanaInner mallocs: (searchPoints2) done
greedySearch done
Vamana<T__>::search (total) done
[Main] Iter 27: Opened: gt_27.bin, size: 1455208, cache_size: 1455208
Reading truthset file gt_27.bin ...
Metadata: #pts = 1819, #dims = 100... 
Opened: res_27.bin, size: 1447932, cache_size: 1447932
Reading truthset file res_27.bin ...
Metadata: #pts = 1819, #dims = 199... 
Calculating recall@10
Avg. recall@10 is 0
[ searchPoints2 ]
vamanaInner mallocs: (searchPoints2) done
greedySearch done
Vamana<T__>::search (total) done
[Main] Iter 28: Opened: gt_28.bin, size: 1434408, cache_size: 1434408
Reading truthset file gt_28.bin ...
Metadata: #pts = 1793, #dims = 100... 
Opened: res_28.bin, size: 1427236, cache_size: 1427236
Reading truthset file res_28.bin ...
Metadata: #pts = 1793, #dims = 199... 
Calculating recall@10
Avg. recall@10 is 0.00557724
[ searchPoints2 ]
vamanaInner mallocs: (searchPoints2) done
greedySearch done
Vamana<T__>::search (total) done
[Main] Iter 29: Opened: gt_29.bin, size: 1442408, cache_size: 1442408
Reading truthset file gt_29.bin ...
Metadata: #pts = 1803, #dims = 100... 
Opened: res_29.bin, size: 1435196, cache_size: 1435196
Reading truthset file res_29.bin ...
Metadata: #pts = 1803, #dims = 199... 
Calculating recall@10
Avg. recall@10 is 0
[ searchPoints2 ]
vamanaInner mallocs: (searchPoints2) done
greedySearch done
Vamana<T__>::search (total) done
[Main] Iter 30: Opened: gt_30.bin, size: 1440808, cache_size: 1440808
Reading truthset file gt_30.bin ...
Metadata: #pts = 1801, #dims = 100... 
Opened: res_30.bin, size: 1433604, cache_size: 1433604
Reading truthset file res_30.bin ...
Metadata: #pts = 1801, #dims = 199... 
Calculating recall@10
Avg. recall@10 is 0.0111049

[Main] Consolidating graph via patchGraph() ...
[ searchPoints2 ]
vamanaInner mallocs: (searchPoints2) done
greedySearch done
Vamana<T__>::search (total) done
[Main] Iter 31: Opened: gt_31.bin, size: 1448008, cache_size: 1448008
Reading truthset file gt_31.bin ...
Metadata: #pts = 1810, #dims = 100... 
Opened: res_31.bin, size: 1440768, cache_size: 1440768
Reading truthset file res_31.bin ...
Metadata: #pts = 1810, #dims = 199... 
Calculating recall@10
Avg. recall@10 is 0.0110497
[ searchPoints2 ]
vamanaInner mallocs: (searchPoints2) done
greedySearch done
Vamana<T__>::search (total) done
[Main] Iter 32: Opened: gt_32.bin, size: 1458408, cache_size: 1458408
Reading truthset file gt_32.bin ...
Metadata: #pts = 1823, #dims = 100... 
Opened: res_32.bin, size: 1451116, cache_size: 1451116
Reading truthset file res_32.bin ...
Metadata: #pts = 1823, #dims = 199... 
Calculating recall@10
Avg. recall@10 is 0.0109709
[ searchPoints2 ]
vamanaInner mallocs: (searchPoints2) done
greedySearch done
Vamana<T__>::search (total) done
[Main] Iter 33: Opened: gt_33.bin, size: 1438408, cache_size: 1438408
Reading truthset file gt_33.bin ...
Metadata: #pts = 1798, #dims = 100... 
Opened: res_33.bin, size: 1431216, cache_size: 1431216
Reading truthset file res_33.bin ...
Metadata: #pts = 1798, #dims = 199... 
Calculating recall@10
Avg. recall@10 is 0
[ searchPoints2 ]
vamanaInner mallocs: (searchPoints2) done
greedySearch done
Vamana<T__>::search (total) done
[Main] Iter 34: Opened: gt_34.bin, size: 1452808, cache_size: 1452808
Reading truthset file gt_34.bin ...
Metadata: #pts = 1816, #dims = 100... 
Opened: res_34.bin, size: 1445544, cache_size: 1445544
Reading truthset file res_34.bin ...
Metadata: #pts = 1816, #dims = 199... 
Calculating recall@10
Avg. recall@10 is 0.0110132
[ searchPoints2 ]
vamanaInner mallocs: (searchPoints2) done
greedySearch done
Vamana<T__>::search (total) done
[Main] Iter 35: Opened: gt_35.bin, size: 1443208, cache_size: 1443208
Reading truthset file gt_35.bin ...
Metadata: #pts = 1804, #dims = 100... 
Opened: res_35.bin, size: 1435992, cache_size: 1435992
Reading truthset file res_35.bin ...
Metadata: #pts = 1804, #dims = 199... 
Calculating recall@10
Avg. recall@10 is 0.0221729
[ searchPoints2 ]
vamanaInner mallocs: (searchPoints2) done
greedySearch done
Vamana<T__>::search (total) done
[Main] Iter 36: Opened: gt_36.bin, size: 1446408, cache_size: 1446408
Reading truthset file gt_36.bin ...
Metadata: #pts = 1808, #dims = 100... 
Opened: res_36.bin, size: 1439176, cache_size: 1439176
Reading truthset file res_36.bin ...
Metadata: #pts = 1808, #dims = 199... 
Calculating recall@10
Avg. recall@10 is 0
[ searchPoints2 ]
vamanaInner mallocs: (searchPoints2) done
greedySearch done
Vamana<T__>::search (total) done
[Main] Iter 37: Opened: gt_37.bin, size: 1445608, cache_size: 1445608
Reading truthset file gt_37.bin ...
Metadata: #pts = 1807, #dims = 100... 
Opened: res_37.bin, size: 1438380, cache_size: 1438380
Reading truthset file res_37.bin ...
Metadata: #pts = 1807, #dims = 199... 
Calculating recall@10
Avg. recall@10 is 0
[ searchPoints2 ]
vamanaInner mallocs: (searchPoints2) done
greedySearch done
Vamana<T__>::search (total) done
[Main] Iter 38: Opened: gt_38.bin, size: 1456008, cache_size: 1456008
Reading truthset file gt_38.bin ...
Metadata: #pts = 1820, #dims = 100... 
Opened: res_38.bin, size: 1448728, cache_size: 1448728
Reading truthset file res_38.bin ...
Metadata: #pts = 1820, #dims = 199... 
Calculating recall@10
Avg. recall@10 is 0.0164835
[ searchPoints2 ]
vamanaInner mallocs: (searchPoints2) done
greedySearch done
Vamana<T__>::search (total) done
[Main] Iter 39: Opened: gt_39.bin, size: 1450408, cache_size: 1450408
Reading truthset file gt_39.bin ...
Metadata: #pts = 1813, #dims = 100... 
Opened: res_39.bin, size: 1443156, cache_size: 1443156
Reading truthset file res_39.bin ...
Metadata: #pts = 1813, #dims = 199... 
Calculating recall@10
Avg. recall@10 is 0.00551572
[ searchPoints2 ]
vamanaInner mallocs: (searchPoints2) done
greedySearch done
Vamana<T__>::search (total) done
[Main] Iter 40: Opened: gt_40.bin, size: 1432808, cache_size: 1432808
Reading truthset file gt_40.bin ...
Metadata: #pts = 1791, #dims = 100... 
Opened: res_40.bin, size: 1425644, cache_size: 1425644
Reading truthset file res_40.bin ...
Metadata: #pts = 1791, #dims = 199... 
Calculating recall@10
Avg. recall@10 is 0.00558347

[Main] Consolidating graph via patchGraph() ...
[ searchPoints2 ]
vamanaInner mallocs: (searchPoints2) done
greedySearch done
Vamana<T__>::search (total) done
[Main] Iter 41: Opened: gt_41.bin, size: 1451208, cache_size: 1451208
Reading truthset file gt_41.bin ...
Metadata: #pts = 1814, #dims = 100... 
Opened: res_41.bin, size: 1443952, cache_size: 1443952
Reading truthset file res_41.bin ...
Metadata: #pts = 1814, #dims = 199... 
Calculating recall@10
Avg. recall@10 is 0.00551268
[ searchPoints2 ]
vamanaInner mallocs: (searchPoints2) done
greedySearch done
Vamana<T__>::search (total) done
[Main] Iter 42: Opened: gt_42.bin, size: 1442408, cache_size: 1442408
Reading truthset file gt_42.bin ...
Metadata: #pts = 1803, #dims = 100... 
Opened: res_42.bin, size: 1435196, cache_size: 1435196
Reading truthset file res_42.bin ...
Metadata: #pts = 1803, #dims = 199... 
Calculating recall@10
Avg. recall@10 is 0.0166389
[ searchPoints2 ]
vamanaInner mallocs: (searchPoints2) done
greedySearch done
Vamana<T__>::search (total) done
[Main] Iter 43: Opened: gt_43.bin, size: 1444808, cache_size: 1444808
Reading truthset file gt_43.bin ...
Metadata: #pts = 1806, #dims = 100... 
Opened: res_43.bin, size: 1437584, cache_size: 1437584
Reading truthset file res_43.bin ...
Metadata: #pts = 1806, #dims = 199... 
Calculating recall@10
Avg. recall@10 is 0.0055371
[ searchPoints2 ]
vamanaInner mallocs: (searchPoints2) done
greedySearch done
Vamana<T__>::search (total) done
[Main] Iter 44: Opened: gt_44.bin, size: 1446408, cache_size: 1446408
Reading truthset file gt_44.bin ...
Metadata: #pts = 1808, #dims = 100... 
Opened: res_44.bin, size: 1439176, cache_size: 1439176
Reading truthset file res_44.bin ...
Metadata: #pts = 1808, #dims = 199... 
Calculating recall@10
Avg. recall@10 is 0.0110619
[ searchPoints2 ]
vamanaInner mallocs: (searchPoints2) done
greedySearch done
Vamana<T__>::search (total) done
[Main] Iter 45: Opened: gt_45.bin, size: 1419208, cache_size: 1419208
Reading truthset file gt_45.bin ...
Metadata: #pts = 1774, #dims = 100... 
Opened: res_45.bin, size: 1412112, cache_size: 1412112
Reading truthset file res_45.bin ...
Metadata: #pts = 1774, #dims = 199... 
Calculating recall@10
Avg. recall@10 is 0.00563698
[ searchPoints2 ]
vamanaInner mallocs: (searchPoints2) done
greedySearch done
Vamana<T__>::search (total) done
[Main] Iter 46: Opened: gt_46.bin, size: 1429608, cache_size: 1429608
Reading truthset file gt_46.bin ...
Metadata: #pts = 1787, #dims = 100... 
Opened: res_46.bin, size: 1422460, cache_size: 1422460
Reading truthset file res_46.bin ...
Metadata: #pts = 1787, #dims = 199... 
Calculating recall@10
Avg. recall@10 is 0.00559597
[ searchPoints2 ]
vamanaInner mallocs: (searchPoints2) done
greedySearch done
Vamana<T__>::search (total) done
[Main] Iter 47: Opened: gt_47.bin, size: 1416008, cache_size: 1416008
Reading truthset file gt_47.bin ...
Metadata: #pts = 1770, #dims = 100... 
Opened: res_47.bin, size: 1408928, cache_size: 1408928
Reading truthset file res_47.bin ...
Metadata: #pts = 1770, #dims = 199... 
Calculating recall@10
Avg. recall@10 is 0
[ searchPoints2 ]
vamanaInner mallocs: (searchPoints2) done
greedySearch done
Vamana<T__>::search (total) done
[Main] Iter 48: Opened: gt_48.bin, size: 1451208, cache_size: 1451208
Reading truthset file gt_48.bin ...
Metadata: #pts = 1814, #dims = 100... 
Opened: res_48.bin, size: 1443952, cache_size: 1443952
Reading truthset file res_48.bin ...
Metadata: #pts = 1814, #dims = 199... 
Calculating recall@10
Avg. recall@10 is 0.016538
[ searchPoints2 ]
vamanaInner mallocs: (searchPoints2) done
greedySearch done
Vamana<T__>::search (total) done
[Main] Iter 49: Opened: gt_49.bin, size: 1451208, cache_size: 1451208
Reading truthset file gt_49.bin ...
Metadata: #pts = 1814, #dims = 100... 
Opened: res_49.bin, size: 1443952, cache_size: 1443952
Reading truthset file res_49.bin ...
Metadata: #pts = 1814, #dims = 199... 
Calculating recall@10
Avg. recall@10 is 0
[ searchPoints2 ]
vamanaInner mallocs: (searchPoints2) done
greedySearch done
Vamana<T__>::search (total) done
[Main] Iter 50: Opened: gt_50.bin, size: 1448008, cache_size: 1448008
Reading truthset file gt_50.bin ...
Metadata: #pts = 1810, #dims = 100... 
Opened: res_50.bin, size: 1440768, cache_size: 1440768
Reading truthset file res_50.bin ...
Metadata: #pts = 1810, #dims = 199... 
Calculating recall@10
Avg. recall@10 is 0.00552486

[Main] Consolidating graph via patchGraph() ...
[ searchPoints2 ]
vamanaInner mallocs: (searchPoints2) done
greedySearch done
Vamana<T__>::search (total) done
[Main] Iter 51: Opened: gt_51.bin, size: 1436008, cache_size: 1436008
Reading truthset file gt_51.bin ...
Metadata: #pts = 1795, #dims = 100... 
Opened: res_51.bin, size: 1428828, cache_size: 1428828
Reading truthset file res_51.bin ...
Metadata: #pts = 1795, #dims = 199... 
Calculating recall@10
Avg. recall@10 is 0
[ searchPoints2 ]
vamanaInner mallocs: (searchPoints2) done
greedySearch done
Vamana<T__>::search (total) done
[Main] Iter 52: Opened: gt_52.bin, size: 1437608, cache_size: 1437608
Reading truthset file gt_52.bin ...
Metadata: #pts = 1797, #dims = 100... 
Opened: res_52.bin, size: 1430420, cache_size: 1430420
Reading truthset file res_52.bin ...
Metadata: #pts = 1797, #dims = 199... 
Calculating recall@10
Avg. recall@10 is 0.00556483
[ searchPoints2 ]
vamanaInner mallocs: (searchPoints2) done
greedySearch done
Vamana<T__>::search (total) done
[Main] Iter 53: Opened: gt_53.bin, size: 1448808, cache_size: 1448808
Reading truthset file gt_53.bin ...
Metadata: #pts = 1811, #dims = 100... 
Opened: res_53.bin, size: 1441564, cache_size: 1441564
Reading truthset file res_53.bin ...
Metadata: #pts = 1811, #dims = 199... 
Calculating recall@10
Avg. recall@10 is 0.00552181
[ searchPoints2 ]
vamanaInner mallocs: (searchPoints2) done
greedySearch done
Vamana<T__>::search (total) done
[Main] Iter 54: Opened: gt_54.bin, size: 1447208, cache_size: 1447208
Reading truthset file gt_54.bin ...
Metadata: #pts = 1809, #dims = 100... 
Opened: res_54.bin, size: 1439972, cache_size: 1439972
Reading truthset file res_54.bin ...
Metadata: #pts = 1809, #dims = 199... 
Calculating recall@10
Avg. recall@10 is 0.0165837
[ searchPoints2 ]
vamanaInner mallocs: (searchPoints2) done
greedySearch done
Vamana<T__>::search (total) done
[Main] Iter 55: Opened: gt_55.bin, size: 1439208, cache_size: 1439208
Reading truthset file gt_55.bin ...
Metadata: #pts = 1799, #dims = 100... 
Opened: res_55.bin, size: 1432012, cache_size: 1432012
Reading truthset file res_55.bin ...
Metadata: #pts = 1799, #dims = 199... 
Calculating recall@10
Avg. recall@10 is 0
[ searchPoints2 ]
vamanaInner mallocs: (searchPoints2) done
greedySearch done
Vamana<T__>::search (total) done
[Main] Iter 56: Opened: gt_56.bin, size: 1456808, cache_size: 1456808
Reading truthset file gt_56.bin ...
Metadata: #pts = 1821, #dims = 100... 
Opened: res_56.bin, size: 1449524, cache_size: 1449524
Reading truthset file res_56.bin ...
Metadata: #pts = 1821, #dims = 199... 
Calculating recall@10
Avg. recall@10 is 0.00549149
[ searchPoints2 ]
vamanaInner mallocs: (searchPoints2) done
greedySearch done
Vamana<T__>::search (total) done
[Main] Iter 57: Opened: gt_57.bin, size: 1452008, cache_size: 1452008
Reading truthset file gt_57.bin ...
Metadata: #pts = 1815, #dims = 100... 
Opened: res_57.bin, size: 1444748, cache_size: 1444748
Reading truthset file res_57.bin ...
Metadata: #pts = 1815, #dims = 199... 
Calculating recall@10
Avg. recall@10 is 0
[ searchPoints2 ]
vamanaInner mallocs: (searchPoints2) done
greedySearch done
Vamana<T__>::search (total) done
[Main] Iter 58: Opened: gt_58.bin, size: 1434408, cache_size: 1434408
Reading truthset file gt_58.bin ...
Metadata: #pts = 1793, #dims = 100... 
Opened: res_58.bin, size: 1427236, cache_size: 1427236
Reading truthset file res_58.bin ...
Metadata: #pts = 1793, #dims = 199... 
Calculating recall@10
Avg. recall@10 is 0.00557724
[ searchPoints2 ]
vamanaInner mallocs: (searchPoints2) done
greedySearch done
Vamana<T__>::search (total) done
[Main] Iter 59: Opened: gt_59.bin, size: 1448808, cache_size: 1448808
Reading truthset file gt_59.bin ...
Metadata: #pts = 1811, #dims = 100... 
Opened: res_59.bin, size: 1441564, cache_size: 1441564
Reading truthset file res_59.bin ...
Metadata: #pts = 1811, #dims = 199... 
Calculating recall@10
Avg. recall@10 is 0.00552181
[ searchPoints2 ]
vamanaInner mallocs: (searchPoints2) done
greedySearch done
Vamana<T__>::search (total) done
[Main] Iter 60: Opened: gt_60.bin, size: 1436808, cache_size: 1436808
Reading truthset file gt_60.bin ...
Metadata: #pts = 1796, #dims = 100... 
Opened: res_60.bin, size: 1429624, cache_size: 1429624
Reading truthset file res_60.bin ...
Metadata: #pts = 1796, #dims = 199... 
Calculating recall@10
Avg. recall@10 is 0.00556793

[Main] Consolidating graph via patchGraph() ...
[ searchPoints2 ]
vamanaInner mallocs: (searchPoints2) done
greedySearch done
Vamana<T__>::search (total) done
[Main] Iter 61: Opened: gt_61.bin, size: 1438408, cache_size: 1438408
Reading truthset file gt_61.bin ...
Metadata: #pts = 1798, #dims = 100... 
Opened: res_61.bin, size: 1431216, cache_size: 1431216
Reading truthset file res_61.bin ...
Metadata: #pts = 1798, #dims = 199... 
Calculating recall@10
Avg. recall@10 is 0.00556174
[ searchPoints2 ]
vamanaInner mallocs: (searchPoints2) done
greedySearch done
Vamana<T__>::search (total) done
[Main] Iter 62: Opened: gt_62.bin, size: 1432808, cache_size: 1432808
Reading truthset file gt_62.bin ...
Metadata: #pts = 1791, #dims = 100... 
Opened: res_62.bin, size: 1425644, cache_size: 1425644
Reading truthset file res_62.bin ...
Metadata: #pts = 1791, #dims = 199... 
Calculating recall@10
Avg. recall@10 is 0.00558347
[ searchPoints2 ]
vamanaInner mallocs: (searchPoints2) done
greedySearch done
Vamana<T__>::search (total) done
[Main] Iter 63: Opened: gt_63.bin, size: 1434408, cache_size: 1434408
Reading truthset file gt_63.bin ...
Metadata: #pts = 1793, #dims = 100... 
Opened: res_63.bin, size: 1427236, cache_size: 1427236
Reading truthset file res_63.bin ...
Metadata: #pts = 1793, #dims = 199... 
Calculating recall@10
Avg. recall@10 is 0
[ searchPoints2 ]
vamanaInner mallocs: (searchPoints2) done
greedySearch done
Vamana<T__>::search (total) done
[Main] Iter 64: Opened: gt_64.bin, size: 1452008, cache_size: 1452008
Reading truthset file gt_64.bin ...
Metadata: #pts = 1815, #dims = 100... 
Opened: res_64.bin, size: 1444748, cache_size: 1444748
Reading truthset file res_64.bin ...
Metadata: #pts = 1815, #dims = 199... 
Calculating recall@10
Avg. recall@10 is 0
[ searchPoints2 ]
vamanaInner mallocs: (searchPoints2) done
greedySearch done
Vamana<T__>::search (total) done
[Main] Iter 65: Opened: gt_65.bin, size: 1428808, cache_size: 1428808
Reading truthset file gt_65.bin ...
Metadata: #pts = 1786, #dims = 100... 
Opened: res_65.bin, size: 1421664, cache_size: 1421664
Reading truthset file res_65.bin ...
Metadata: #pts = 1786, #dims = 199... 
Calculating recall@10
Avg. recall@10 is 0
[ searchPoints2 ]
vamanaInner mallocs: (searchPoints2) done
greedySearch done
Vamana<T__>::search (total) done
[Main] Iter 66: Opened: gt_66.bin, size: 1460008, cache_size: 1460008
Reading truthset file gt_66.bin ...
Metadata: #pts = 1825, #dims = 100... 
Opened: res_66.bin, size: 1452708, cache_size: 1452708
Reading truthset file res_66.bin ...
Metadata: #pts = 1825, #dims = 199... 
Calculating recall@10
Avg. recall@10 is 0
[ searchPoints2 ]
vamanaInner mallocs: (searchPoints2) done
greedySearch done
Vamana<T__>::search (total) done
[Main] Iter 67: Opened: gt_67.bin, size: 1440808, cache_size: 1440808
Reading truthset file gt_67.bin ...
Metadata: #pts = 1801, #dims = 100... 
Opened: res_67.bin, size: 1433604, cache_size: 1433604
Reading truthset file res_67.bin ...
Metadata: #pts = 1801, #dims = 199... 
Calculating recall@10
Avg. recall@10 is 0.00555247
[ searchPoints2 ]
vamanaInner mallocs: (searchPoints2) done
greedySearch done
Vamana<T__>::search (total) done
[Main] Iter 68: Opened: gt_68.bin, size: 1434408, cache_size: 1434408
Reading truthset file gt_68.bin ...
Metadata: #pts = 1793, #dims = 100... 
Opened: res_68.bin, size: 1427236, cache_size: 1427236
Reading truthset file res_68.bin ...
Metadata: #pts = 1793, #dims = 199... 
Calculating recall@10
Avg. recall@10 is 0
[ searchPoints2 ]
vamanaInner mallocs: (searchPoints2) done
greedySearch done
Vamana<T__>::search (total) done
[Main] Iter 69: Opened: gt_69.bin, size: 1452008, cache_size: 1452008
Reading truthset file gt_69.bin ...
Metadata: #pts = 1815, #dims = 100... 
Opened: res_69.bin, size: 1444748, cache_size: 1444748
Reading truthset file res_69.bin ...
Metadata: #pts = 1815, #dims = 199... 
Calculating recall@10
Avg. recall@10 is 0
[ searchPoints2 ]
vamanaInner mallocs: (searchPoints2) done
greedySearch done
Vamana<T__>::search (total) done
[Main] Iter 70: Opened: gt_70.bin, size: 1424008, cache_size: 1424008
Reading truthset file gt_70.bin ...
Metadata: #pts = 1780, #dims = 100... 
Opened: res_70.bin, size: 1416888, cache_size: 1416888
Reading truthset file res_70.bin ...
Metadata: #pts = 1780, #dims = 199... 
Calculating recall@10
Avg. recall@10 is 0.011236

[Main] Consolidating graph via patchGraph() ...
[ searchPoints2 ]
vamanaInner mallocs: (searchPoints2) done
greedySearch done
Vamana<T__>::search (total) done
[Main] Iter 71: Opened: gt_71.bin, size: 1439208, cache_size: 1439208
Reading truthset file gt_71.bin ...
Metadata: #pts = 1799, #dims = 100... 
Opened: res_71.bin, size: 1432012, cache_size: 1432012
Reading truthset file res_71.bin ...
Metadata: #pts = 1799, #dims = 199... 
Calculating recall@10
Avg. recall@10 is 0.0111173
[ searchPoints2 ]
vamanaInner mallocs: (searchPoints2) done
greedySearch done
Vamana<T__>::search (total) done
[Main] Iter 72: Opened: gt_72.bin, size: 1431208, cache_size: 1431208
Reading truthset file gt_72.bin ...
Metadata: #pts = 1789, #dims = 100... 
Opened: res_72.bin, size: 1424052, cache_size: 1424052
Reading truthset file res_72.bin ...
Metadata: #pts = 1789, #dims = 199... 
Calculating recall@10
Avg. recall@10 is 0.00558971
[ searchPoints2 ]
vamanaInner mallocs: (searchPoints2) done
greedySearch done
Vamana<T__>::search (total) done
[Main] Iter 73: Opened: gt_73.bin, size: 1424808, cache_size: 1424808
Reading truthset file gt_73.bin ...
Metadata: #pts = 1781, #dims = 100... 
Opened: res_73.bin, size: 1417684, cache_size: 1417684
Reading truthset file res_73.bin ...
Metadata: #pts = 1781, #dims = 199... 
Calculating recall@10
Avg. recall@10 is 0.0112296
[ searchPoints2 ]
vamanaInner mallocs: (searchPoints2) done
greedySearch done
Vamana<T__>::search (total) done
[Main] Iter 74: Opened: gt_74.bin, size: 1437608, cache_size: 1437608
Reading truthset file gt_74.bin ...
Metadata: #pts = 1797, #dims = 100... 
Opened: res_74.bin, size: 1430420, cache_size: 1430420
Reading truthset file res_74.bin ...
Metadata: #pts = 1797, #dims = 199... 
Calculating recall@10
Avg. recall@10 is 0
[ searchPoints2 ]
vamanaInner mallocs: (searchPoints2) done
greedySearch done
Vamana<T__>::search (total) done
[Main] Iter 75: Opened: gt_75.bin, size: 1452808, cache_size: 1452808
Reading truthset file gt_75.bin ...
Metadata: #pts = 1816, #dims = 100... 
Opened: res_75.bin, size: 1445544, cache_size: 1445544
Reading truthset file res_75.bin ...
Metadata: #pts = 1816, #dims = 199... 
Calculating recall@10
Avg. recall@10 is 0.00550661
[ searchPoints2 ]
vamanaInner mallocs: (searchPoints2) done
greedySearch done
Vamana<T__>::search (total) done
[Main] Iter 76: Opened: gt_76.bin, size: 1454408, cache_size: 1454408
Reading truthset file gt_76.bin ...
Metadata: #pts = 1818, #dims = 100... 
Opened: res_76.bin, size: 1447136, cache_size: 1447136
Reading truthset file res_76.bin ...
Metadata: #pts = 1818, #dims = 199... 
Calculating recall@10
Avg. recall@10 is 0
[ searchPoints2 ]
vamanaInner mallocs: (searchPoints2) done
greedySearch done
Vamana<T__>::search (total) done
[Main] Iter 77: Opened: gt_77.bin, size: 1433608, cache_size: 1433608
Reading truthset file gt_77.bin ...
Metadata: #pts = 1792, #dims = 100... 
Opened: res_77.bin, size: 1426440, cache_size: 1426440
Reading truthset file res_77.bin ...
Metadata: #pts = 1792, #dims = 199... 
Calculating recall@10
Avg. recall@10 is 0.00558036
[ searchPoints2 ]
vamanaInner mallocs: (searchPoints2) done
greedySearch done
Vamana<T__>::search (total) done
[Main] Iter 78: Opened: gt_78.bin, size: 1450408, cache_size: 1450408
Reading truthset file gt_78.bin ...
Metadata: #pts = 1813, #dims = 100... 
Opened: res_78.bin, size: 1443156, cache_size: 1443156
Reading truthset file res_78.bin ...
Metadata: #pts = 1813, #dims = 199... 
Calculating recall@10
Avg. recall@10 is 0.00551572
[ searchPoints2 ]
vamanaInner mallocs: (searchPoints2) done
greedySearch done
Vamana<T__>::search (total) done
[Main] Iter 79: Opened: gt_79.bin, size: 1436808, cache_size: 1436808
Reading truthset file gt_79.bin ...
Metadata: #pts = 1796, #dims = 100... 
Opened: res_79.bin, size: 1429624, cache_size: 1429624
Reading truthset file res_79.bin ...
Metadata: #pts = 1796, #dims = 199... 
Calculating recall@10
Avg. recall@10 is 0
[ searchPoints2 ]
vamanaInner mallocs: (searchPoints2) done
greedySearch done
Vamana<T__>::search (total) done
[Main] Iter 80: Opened: gt_80.bin, size: 1437608, cache_size: 1437608
Reading truthset file gt_80.bin ...
Metadata: #pts = 1797, #dims = 100... 
Opened: res_80.bin, size: 1430420, cache_size: 1430420
Reading truthset file res_80.bin ...
Metadata: #pts = 1797, #dims = 199... 
Calculating recall@10
Avg. recall@10 is 0

[Main] Consolidating graph via patchGraph() ...
[ searchPoints2 ]
vamanaInner mallocs: (searchPoints2) done
greedySearch done
Vamana<T__>::search (total) done
[Main] Iter 81: Opened: gt_81.bin, size: 1428008, cache_size: 1428008
Reading truthset file gt_81.bin ...
Metadata: #pts = 1785, #dims = 100... 
Opened: res_81.bin, size: 1420868, cache_size: 1420868
Reading truthset file res_81.bin ...
Metadata: #pts = 1785, #dims = 199... 
Calculating recall@10
Avg. recall@10 is 0.00560224
[ searchPoints2 ]
vamanaInner mallocs: (searchPoints2) done
greedySearch done
Vamana<T__>::search (total) done
[Main] Iter 82: Opened: gt_82.bin, size: 1424808, cache_size: 1424808
Reading truthset file gt_82.bin ...
Metadata: #pts = 1781, #dims = 100... 
Opened: res_82.bin, size: 1417684, cache_size: 1417684
Reading truthset file res_82.bin ...
Metadata: #pts = 1781, #dims = 199... 
Calculating recall@10
Avg. recall@10 is 0.00561482
[ searchPoints2 ]
vamanaInner mallocs: (searchPoints2) done
greedySearch done
Vamana<T__>::search (total) done
[Main] Iter 83: Opened: gt_83.bin, size: 1437608, cache_size: 1437608
Reading truthset file gt_83.bin ...
Metadata: #pts = 1797, #dims = 100... 
Opened: res_83.bin, size: 1430420, cache_size: 1430420
Reading truthset file res_83.bin ...
Metadata: #pts = 1797, #dims = 199... 
Calculating recall@10
Avg. recall@10 is 0.00556483
[ searchPoints2 ]
vamanaInner mallocs: (searchPoints2) done
greedySearch done
Vamana<T__>::search (total) done
[Main] Iter 84: Opened: gt_84.bin, size: 1437608, cache_size: 1437608
Reading truthset file gt_84.bin ...
Metadata: #pts = 1797, #dims = 100... 
Opened: res_84.bin, size: 1430420, cache_size: 1430420
Reading truthset file res_84.bin ...
Metadata: #pts = 1797, #dims = 199... 
Calculating recall@10
Avg. recall@10 is 0.00556483
[ searchPoints2 ]
vamanaInner mallocs: (searchPoints2) done
greedySearch done
Vamana<T__>::search (total) done
[Main] Iter 85: Opened: gt_85.bin, size: 1424008, cache_size: 1424008
Reading truthset file gt_85.bin ...
Metadata: #pts = 1780, #dims = 100... 
Opened: res_85.bin, size: 1416888, cache_size: 1416888
Reading truthset file res_85.bin ...
Metadata: #pts = 1780, #dims = 199... 
Calculating recall@10
Avg. recall@10 is 0.011236
[ searchPoints2 ]
vamanaInner mallocs: (searchPoints2) done
greedySearch done
Vamana<T__>::search (total) done
[Main] Iter 86: Opened: gt_86.bin, size: 1445608, cache_size: 1445608
Reading truthset file gt_86.bin ...
Metadata: #pts = 1807, #dims = 100... 
Opened: res_86.bin, size: 1438380, cache_size: 1438380
Reading truthset file res_86.bin ...
Metadata: #pts = 1807, #dims = 199... 
Calculating recall@10
Avg. recall@10 is 0.00553403
[ searchPoints2 ]
vamanaInner mallocs: (searchPoints2) done
greedySearch done
Vamana<T__>::search (total) done
[Main] Iter 87: Opened: gt_87.bin, size: 1450408, cache_size: 1450408
Reading truthset file gt_87.bin ...
Metadata: #pts = 1813, #dims = 100... 
Opened: res_87.bin, size: 1443156, cache_size: 1443156
Reading truthset file res_87.bin ...
Metadata: #pts = 1813, #dims = 199... 
Calculating recall@10
Avg. recall@10 is 0
[ searchPoints2 ]
vamanaInner mallocs: (searchPoints2) done
greedySearch done
Vamana<T__>::search (total) done
[Main] Iter 88: Opened: gt_88.bin, size: 1449608, cache_size: 1449608
Reading truthset file gt_88.bin ...
Metadata: #pts = 1812, #dims = 100... 
Opened: res_88.bin, size: 1442360, cache_size: 1442360
Reading truthset file res_88.bin ...
Metadata: #pts = 1812, #dims = 199... 
Calculating recall@10
Avg. recall@10 is 0
[ searchPoints2 ]
vamanaInner mallocs: (searchPoints2) done
greedySearch done
Vamana<T__>::search (total) done
[Main] Iter 89: Opened: gt_89.bin, size: 1441608, cache_size: 1441608
Reading truthset file gt_89.bin ...
Metadata: #pts = 1802, #dims = 100... 
Opened: res_89.bin, size: 1434400, cache_size: 1434400
Reading truthset file res_89.bin ...
Metadata: #pts = 1802, #dims = 199... 
Calculating recall@10
Avg. recall@10 is 0.0110988
[ searchPoints2 ]
vamanaInner mallocs: (searchPoints2) done
greedySearch done
Vamana<T__>::search (total) done
[Main] Iter 90: Opened: gt_90.bin, size: 1426408, cache_size: 1426408
Reading truthset file gt_90.bin ...
Metadata: #pts = 1783, #dims = 100... 
Opened: res_90.bin, size: 1419276, cache_size: 1419276
Reading truthset file res_90.bin ...
Metadata: #pts = 1783, #dims = 199... 
Calculating recall@10
Avg. recall@10 is 0.00560852

[Main] Consolidating graph via patchGraph() ...
[ searchPoints2 ]
vamanaInner mallocs: (searchPoints2) done
greedySearch done
Vamana<T__>::search (total) done
[Main] Iter 91: Opened: gt_91.bin, size: 1452008, cache_size: 1452008
Reading truthset file gt_91.bin ...
Metadata: #pts = 1815, #dims = 100... 
Opened: res_91.bin, size: 1444748, cache_size: 1444748
Reading truthset file res_91.bin ...
Metadata: #pts = 1815, #dims = 199... 
Calculating recall@10
Avg. recall@10 is 0
[ searchPoints2 ]
vamanaInner mallocs: (searchPoints2) done
greedySearch done
Vamana<T__>::search (total) done
[Main] Iter 92: Opened: gt_92.bin, size: 1430408, cache_size: 1430408
Reading truthset file gt_92.bin ...
Metadata: #pts = 1788, #dims = 100... 
Opened: res_92.bin, size: 1423256, cache_size: 1423256
Reading truthset file res_92.bin ...
Metadata: #pts = 1788, #dims = 199... 
Calculating recall@10
Avg. recall@10 is 0.00559284
[ searchPoints2 ]
vamanaInner mallocs: (searchPoints2) done
greedySearch done
Vamana<T__>::search (total) done
[Main] Iter 93: Opened: gt_93.bin, size: 1415208, cache_size: 1415208
Reading truthset file gt_93.bin ...
Metadata: #pts = 1769, #dims = 100... 
Opened: res_93.bin, size: 1408132, cache_size: 1408132
Reading truthset file res_93.bin ...
Metadata: #pts = 1769, #dims = 199... 
Calculating recall@10
Avg. recall@10 is 0.00565291
[ searchPoints2 ]
vamanaInner mallocs: (searchPoints2) done
greedySearch done
Vamana<T__>::search (total) done
[Main] Iter 94: Opened: gt_94.bin, size: 1448008, cache_size: 1448008
Reading truthset file gt_94.bin ...
Metadata: #pts = 1810, #dims = 100... 
Opened: res_94.bin, size: 1440768, cache_size: 1440768
Reading truthset file res_94.bin ...
Metadata: #pts = 1810, #dims = 199... 
Calculating recall@10
Avg. recall@10 is 0.00552486
[ searchPoints2 ]
vamanaInner mallocs: (searchPoints2) done
greedySearch done
Vamana<T__>::search (total) done
[Main] Iter 95: Opened: gt_95.bin, size: 1456008, cache_size: 1456008
Reading truthset file gt_95.bin ...
Metadata: #pts = 1820, #dims = 100... 
Opened: res_95.bin, size: 1448728, cache_size: 1448728
Reading truthset file res_95.bin ...
Metadata: #pts = 1820, #dims = 199... 
Calculating recall@10
Avg. recall@10 is 0
[ searchPoints2 ]
vamanaInner mallocs: (searchPoints2) done
greedySearch done
Vamana<T__>::search (total) done
[Main] Iter 96: Opened: gt_96.bin, size: 1442408, cache_size: 1442408
Reading truthset file gt_96.bin ...
Metadata: #pts = 1803, #dims = 100... 
Opened: res_96.bin, size: 1435196, cache_size: 1435196
Reading truthset file res_96.bin ...
Metadata: #pts = 1803, #dims = 199... 
Calculating recall@10
Avg. recall@10 is 0
[ searchPoints2 ]
vamanaInner mallocs: (searchPoints2) done
greedySearch done
Vamana<T__>::search (total) done
[Main] Iter 97: Opened: gt_97.bin, size: 1455208, cache_size: 1455208
Reading truthset file gt_97.bin ...
Metadata: #pts = 1819, #dims = 100... 
Opened: res_97.bin, size: 1447932, cache_size: 1447932
Reading truthset file res_97.bin ...
Metadata: #pts = 1819, #dims = 199... 
Calculating recall@10
Avg. recall@10 is 0.0164926
[ searchPoints2 ]
vamanaInner mallocs: (searchPoints2) done
greedySearch done
Vamana<T__>::search (total) done
[Main] Iter 98: Opened: gt_98.bin, size: 1422408, cache_size: 1422408
Reading truthset file gt_98.bin ...
Metadata: #pts = 1778, #dims = 100... 
Opened: res_98.bin, size: 1415296, cache_size: 1415296
Reading truthset file res_98.bin ...
Metadata: #pts = 1778, #dims = 199... 
Calculating recall@10
Avg. recall@10 is 0.0056243
[ searchPoints2 ]
vamanaInner mallocs: (searchPoints2) done
greedySearch done
Vamana<T__>::search (total) done
[Main] Iter 99: Opened: gt_99.bin, size: 1446408, cache_size: 1446408
Reading truthset file gt_99.bin ...
Metadata: #pts = 1808, #dims = 100... 
Opened: res_99.bin, size: 1439176, cache_size: 1439176
Reading truthset file res_99.bin ...
Metadata: #pts = 1808, #dims = 199... 
Calculating recall@10
Avg. recall@10 is 0
[ searchPoints2 ]
vamanaInner mallocs: (searchPoints2) done
greedySearch done
Vamana<T__>::search (total) done
[Main] Iter 100: Opened: gt_100.bin, size: 1463208, cache_size: 1463208
Reading truthset file gt_100.bin ...
Metadata: #pts = 1829, #dims = 100... 
Opened: res_100.bin, size: 1455892, cache_size: 1455892
Reading truthset file res_100.bin ...
Metadata: #pts = 1829, #dims = 199... 
Calculating recall@10
Avg. recall@10 is 0.00546747

[Main] Consolidating graph via patchGraph() ...
[ searchPoints2 ]
vamanaInner mallocs: (searchPoints2) done
greedySearch done
Vamana<T__>::search (total) done
[Main] Iter 101: Opened: gt_101.bin, size: 1427208, cache_size: 1427208
Reading truthset file gt_101.bin ...
Metadata: #pts = 1784, #dims = 100... 
Opened: res_101.bin, size: 1420072, cache_size: 1420072
Reading truthset file res_101.bin ...
Metadata: #pts = 1784, #dims = 199... 
Calculating recall@10
Avg. recall@10 is 0
[ searchPoints2 ]
vamanaInner mallocs: (searchPoints2) done
greedySearch done
Vamana<T__>::search (total) done
[Main] Iter 102: Opened: gt_102.bin, size: 1435208, cache_size: 1435208
Reading truthset file gt_102.bin ...
Metadata: #pts = 1794, #dims = 100... 
Opened: res_102.bin, size: 1428032, cache_size: 1428032
Reading truthset file res_102.bin ...
Metadata: #pts = 1794, #dims = 199... 
Calculating recall@10
Avg. recall@10 is 0
[ searchPoints2 ]
vamanaInner mallocs: (searchPoints2) done
greedySearch done
Vamana<T__>::search (total) done
[Main] Iter 103: Opened: gt_103.bin, size: 1436808, cache_size: 1436808
Reading truthset file gt_103.bin ...
Metadata: #pts = 1796, #dims = 100... 
Opened: res_103.bin, size: 1429624, cache_size: 1429624
Reading truthset file res_103.bin ...
Metadata: #pts = 1796, #dims = 199... 
Calculating recall@10
Avg. recall@10 is 0.00556793
[ searchPoints2 ]
vamanaInner mallocs: (searchPoints2) done
greedySearch done
Vamana<T__>::search (total) done
[Main] Iter 104: Opened: gt_104.bin, size: 1449608, cache_size: 1449608
Reading truthset file gt_104.bin ...
Metadata: #pts = 1812, #dims = 100... 
Opened: res_104.bin, size: 1442360, cache_size: 1442360
Reading truthset file res_104.bin ...
Metadata: #pts = 1812, #dims = 199... 
Calculating recall@10
Avg. recall@10 is 0
[ searchPoints2 ]
vamanaInner mallocs: (searchPoints2) done
greedySearch done
Vamana<T__>::search (total) done
[Main] Iter 105: Opened: gt_105.bin, size: 1448808, cache_size: 1448808
Reading truthset file gt_105.bin ...
Metadata: #pts = 1811, #dims = 100... 
Opened: res_105.bin, size: 1441564, cache_size: 1441564
Reading truthset file res_105.bin ...
Metadata: #pts = 1811, #dims = 199... 
Calculating recall@10
Avg. recall@10 is 0.00552181
[ searchPoints2 ]
vamanaInner mallocs: (searchPoints2) done
greedySearch done
Vamana<T__>::search (total) done
[Main] Iter 106: Opened: gt_106.bin, size: 1446408, cache_size: 1446408
Reading truthset file gt_106.bin ...
Metadata: #pts = 1808, #dims = 100... 
Opened: res_106.bin, size: 1439176, cache_size: 1439176
Reading truthset file res_106.bin ...
Metadata: #pts = 1808, #dims = 199... 
Calculating recall@10
Avg. recall@10 is 0
[ searchPoints2 ]
vamanaInner mallocs: (searchPoints2) done
greedySearch done
Vamana<T__>::search (total) done
[Main] Iter 107: Opened: gt_107.bin, size: 1431208, cache_size: 1431208
Reading truthset file gt_107.bin ...
Metadata: #pts = 1789, #dims = 100... 
Opened: res_107.bin, size: 1424052, cache_size: 1424052
Reading truthset file res_107.bin ...
Metadata: #pts = 1789, #dims = 199... 
Calculating recall@10
Avg. recall@10 is 0.00558971
[ searchPoints2 ]
vamanaInner mallocs: (searchPoints2) done
greedySearch done
Vamana<T__>::search (total) done
[Main] Iter 108: Opened: gt_108.bin, size: 1428008, cache_size: 1428008
Reading truthset file gt_108.bin ...
Metadata: #pts = 1785, #dims = 100... 
Opened: res_108.bin, size: 1420868, cache_size: 1420868
Reading truthset file res_108.bin ...
Metadata: #pts = 1785, #dims = 199... 
Calculating recall@10
Avg. recall@10 is 0.00560224
[ searchPoints2 ]
vamanaInner mallocs: (searchPoints2) done
greedySearch done
Vamana<T__>::search (total) done
[Main] Iter 109: Opened: gt_109.bin, size: 1420008, cache_size: 1420008
Reading truthset file gt_109.bin ...
Metadata: #pts = 1775, #dims = 100... 
Opened: res_109.bin, size: 1412908, cache_size: 1412908
Reading truthset file res_109.bin ...
Metadata: #pts = 1775, #dims = 199... 
Calculating recall@10
Avg. recall@10 is 0
[ searchPoints2 ]
vamanaInner mallocs: (searchPoints2) done
greedySearch done
Vamana<T__>::search (total) done
[Main] Iter 110: Opened: gt_110.bin, size: 1436008, cache_size: 1436008
Reading truthset file gt_110.bin ...
Metadata: #pts = 1795, #dims = 100... 
Opened: res_110.bin, size: 1428828, cache_size: 1428828
Reading truthset file res_110.bin ...
Metadata: #pts = 1795, #dims = 199... 
Calculating recall@10
Avg. recall@10 is 0.00557103

[Main] Consolidating graph via patchGraph() ...
[ searchPoints2 ]
vamanaInner mallocs: (searchPoints2) done
greedySearch done
Vamana<T__>::search (total) done
[Main] Iter 111: Opened: gt_111.bin, size: 1453608, cache_size: 1453608
Reading truthset file gt_111.bin ...
Metadata: #pts = 1817, #dims = 100... 
Opened: res_111.bin, size: 1446340, cache_size: 1446340
Reading truthset file res_111.bin ...
Metadata: #pts = 1817, #dims = 199... 
Calculating recall@10
Avg. recall@10 is 0.00550358
[ searchPoints2 ]
vamanaInner mallocs: (searchPoints2) done
greedySearch done
Vamana<T__>::search (total) done
[Main] Iter 112: Opened: gt_112.bin, size: 1449608, cache_size: 1449608
Reading truthset file gt_112.bin ...
Metadata: #pts = 1812, #dims = 100... 
Opened: res_112.bin, size: 1442360, cache_size: 1442360
Reading truthset file res_112.bin ...
Metadata: #pts = 1812, #dims = 199... 
Calculating recall@10
Avg. recall@10 is 0.0110375
[ searchPoints2 ]
vamanaInner mallocs: (searchPoints2) done
greedySearch done
Vamana<T__>::search (total) done
[Main] Iter 113: Opened: gt_113.bin, size: 1432808, cache_size: 1432808
Reading truthset file gt_113.bin ...
Metadata: #pts = 1791, #dims = 100... 
Opened: res_113.bin, size: 1425644, cache_size: 1425644
Reading truthset file res_113.bin ...
Metadata: #pts = 1791, #dims = 199... 
Calculating recall@10
Avg. recall@10 is 0.00558347
[ searchPoints2 ]
vamanaInner mallocs: (searchPoints2) done
greedySearch done
Vamana<T__>::search (total) done
[Main] Iter 114: Opened: gt_114.bin, size: 1448008, cache_size: 1448008
Reading truthset file gt_114.bin ...
Metadata: #pts = 1810, #dims = 100... 
Opened: res_114.bin, size: 1440768, cache_size: 1440768
Reading truthset file res_114.bin ...
Metadata: #pts = 1810, #dims = 199... 
Calculating recall@10
Avg. recall@10 is 0.00552486
[ searchPoints2 ]
vamanaInner mallocs: (searchPoints2) done
greedySearch done
Vamana<T__>::search (total) done
[Main] Iter 115: Opened: gt_115.bin, size: 1464008, cache_size: 1464008
Reading truthset file gt_115.bin ...
Metadata: #pts = 1830, #dims = 100... 
Opened: res_115.bin, size: 1456688, cache_size: 1456688
Reading truthset file res_115.bin ...
Metadata: #pts = 1830, #dims = 199... 
Calculating recall@10
Avg. recall@10 is 0
[ searchPoints2 ]
vamanaInner mallocs: (searchPoints2) done
greedySearch done
Vamana<T__>::search (total) done
[Main] Iter 116: Opened: gt_116.bin, size: 1427208, cache_size: 1427208
Reading truthset file gt_116.bin ...
Metadata: #pts = 1784, #dims = 100... 
Opened: res_116.bin, size: 1420072, cache_size: 1420072
Reading truthset file res_116.bin ...
Metadata: #pts = 1784, #dims = 199... 
Calculating recall@10
Avg. recall@10 is 0
[ searchPoints2 ]
vamanaInner mallocs: (searchPoints2) done
greedySearch done
Vamana<T__>::search (total) done
[Main] Iter 117: Opened: gt_117.bin, size: 1428808, cache_size: 1428808
Reading truthset file gt_117.bin ...
Metadata: #pts = 1786, #dims = 100... 
Opened: res_117.bin, size: 1421664, cache_size: 1421664
Reading truthset file res_117.bin ...
Metadata: #pts = 1786, #dims = 199... 
Calculating recall@10
Avg. recall@10 is 0.0111982
[ searchPoints2 ]
vamanaInner mallocs: (searchPoints2) done
greedySearch done
Vamana<T__>::search (total) done
[Main] Iter 118: Opened: gt_118.bin, size: 1454408, cache_size: 1454408
Reading truthset file gt_118.bin ...
Metadata: #pts = 1818, #dims = 100... 
Opened: res_118.bin, size: 1447136, cache_size: 1447136
Reading truthset file res_118.bin ...
Metadata: #pts = 1818, #dims = 199... 
Calculating recall@10
Avg. recall@10 is 0
[ searchPoints2 ]
vamanaInner mallocs: (searchPoints2) done
greedySearch done
Vamana<T__>::search (total) done
[Main] Iter 119: Opened: gt_119.bin, size: 1451208, cache_size: 1451208
Reading truthset file gt_119.bin ...
Metadata: #pts = 1814, #dims = 100... 
Opened: res_119.bin, size: 1443952, cache_size: 1443952
Reading truthset file res_119.bin ...
Metadata: #pts = 1814, #dims = 199... 
Calculating recall@10
Avg. recall@10 is 0.00551268
[ searchPoints2 ]
vamanaInner mallocs: (searchPoints2) done
greedySearch done
Vamana<T__>::search (total) done
[Main] Iter 120: Opened: gt_120.bin, size: 1412008, cache_size: 1412008
Reading truthset file gt_120.bin ...
Metadata: #pts = 1765, #dims = 100... 
Opened: res_120.bin, size: 1404948, cache_size: 1404948
Reading truthset file res_120.bin ...
Metadata: #pts = 1765, #dims = 199... 
Calculating recall@10
Avg. recall@10 is 0.0113314

[Main] Consolidating graph via patchGraph() ...
[ searchPoints2 ]
vamanaInner mallocs: (searchPoints2) done
greedySearch done
Vamana<T__>::search (total) done
[Main] Iter 121: Opened: gt_121.bin, size: 1443208, cache_size: 1443208
Reading truthset file gt_121.bin ...
Metadata: #pts = 1804, #dims = 100... 
Opened: res_121.bin, size: 1435992, cache_size: 1435992
Reading truthset file res_121.bin ...
Metadata: #pts = 1804, #dims = 199... 
Calculating recall@10
Avg. recall@10 is 0
[ searchPoints2 ]
vamanaInner mallocs: (searchPoints2) done
greedySearch done
Vamana<T__>::search (total) done
[Main] Iter 122: Opened: gt_122.bin, size: 1434408, cache_size: 1434408
Reading truthset file gt_122.bin ...
Metadata: #pts = 1793, #dims = 100... 
Opened: res_122.bin, size: 1427236, cache_size: 1427236
Reading truthset file res_122.bin ...
Metadata: #pts = 1793, #dims = 199... 
Calculating recall@10
Avg. recall@10 is 0
[ searchPoints2 ]
vamanaInner mallocs: (searchPoints2) done
greedySearch done
Vamana<T__>::search (total) done
[Main] Iter 123: Opened: gt_123.bin, size: 1457608, cache_size: 1457608
Reading truthset file gt_123.bin ...
Metadata: #pts = 1822, #dims = 100... 
Opened: res_123.bin, size: 1450320, cache_size: 1450320
Reading truthset file res_123.bin ...
Metadata: #pts = 1822, #dims = 199... 
Calculating recall@10
Avg. recall@10 is 0.00548847
[ searchPoints2 ]
vamanaInner mallocs: (searchPoints2) done
greedySearch done
Vamana<T__>::search (total) done
[Main] Iter 124: Opened: gt_124.bin, size: 1433608, cache_size: 1433608
Reading truthset file gt_124.bin ...
Metadata: #pts = 1792, #dims = 100... 
Opened: res_124.bin, size: 1426440, cache_size: 1426440
Reading truthset file res_124.bin ...
Metadata: #pts = 1792, #dims = 199... 
Calculating recall@10
Avg. recall@10 is 0
[ searchPoints2 ]
vamanaInner mallocs: (searchPoints2) done
greedySearch done
Vamana<T__>::search (total) done
[Main] Iter 125: Opened: gt_125.bin, size: 1440008, cache_size: 1440008
Reading truthset file gt_125.bin ...
Metadata: #pts = 1800, #dims = 100... 
Opened: res_125.bin, size: 1432808, cache_size: 1432808
Reading truthset file res_125.bin ...
Metadata: #pts = 1800, #dims = 199... 
Calculating recall@10
Avg. recall@10 is 0
[ searchPoints2 ]
vamanaInner mallocs: (searchPoints2) done
greedySearch done
Vamana<T__>::search (total) done
[Main] Iter 126: Opened: gt_126.bin, size: 1424008, cache_size: 1424008
Reading truthset file gt_126.bin ...
Metadata: #pts = 1780, #dims = 100... 
Opened: res_126.bin, size: 1416888, cache_size: 1416888
Reading truthset file res_126.bin ...
Metadata: #pts = 1780, #dims = 199... 
Calculating recall@10
Avg. recall@10 is 0
[ searchPoints2 ]
vamanaInner mallocs: (searchPoints2) done
greedySearch done
Vamana<T__>::search (total) done
[Main] Iter 127: Opened: gt_127.bin, size: 1449608, cache_size: 1449608
Reading truthset file gt_127.bin ...
Metadata: #pts = 1812, #dims = 100... 
Opened: res_127.bin, size: 1442360, cache_size: 1442360
Reading truthset file res_127.bin ...
Metadata: #pts = 1812, #dims = 199... 
Calculating recall@10
Avg. recall@10 is 0
[ searchPoints2 ]
vamanaInner mallocs: (searchPoints2) done
greedySearch done
Vamana<T__>::search (total) done
[Main] Iter 128: Opened: gt_128.bin, size: 1435208, cache_size: 1435208
Reading truthset file gt_128.bin ...
Metadata: #pts = 1794, #dims = 100... 
Opened: res_128.bin, size: 1428032, cache_size: 1428032
Reading truthset file res_128.bin ...
Metadata: #pts = 1794, #dims = 199... 
Calculating recall@10
Avg. recall@10 is 0
[ searchPoints2 ]
vamanaInner mallocs: (searchPoints2) done
greedySearch done
Vamana<T__>::search (total) done
[Main] Iter 129: Opened: gt_129.bin, size: 1457608, cache_size: 1457608
Reading truthset file gt_129.bin ...
Metadata: #pts = 1822, #dims = 100... 
Opened: res_129.bin, size: 1450320, cache_size: 1450320
Reading truthset file res_129.bin ...
Metadata: #pts = 1822, #dims = 199... 
Calculating recall@10
Avg. recall@10 is 0.00548847
[ searchPoints2 ]
vamanaInner mallocs: (searchPoints2) done
greedySearch done
Vamana<T__>::search (total) done
[Main] Iter 130: Opened: gt_130.bin, size: 1432008, cache_size: 1432008
Reading truthset file gt_130.bin ...
Metadata: #pts = 1790, #dims = 100... 
Opened: res_130.bin, size: 1424848, cache_size: 1424848
Reading truthset file res_130.bin ...
Metadata: #pts = 1790, #dims = 199... 
Calculating recall@10
Avg. recall@10 is 0

[Main] Consolidating graph via patchGraph() ...
[ searchPoints2 ]
vamanaInner mallocs: (searchPoints2) done
greedySearch done
Vamana<T__>::search (total) done
[Main] Iter 131: Opened: gt_131.bin, size: 1443208, cache_size: 1443208
Reading truthset file gt_131.bin ...
Metadata: #pts = 1804, #dims = 100... 
Opened: res_131.bin, size: 1435992, cache_size: 1435992
Reading truthset file res_131.bin ...
Metadata: #pts = 1804, #dims = 199... 
Calculating recall@10
Avg. recall@10 is 0
[ searchPoints2 ]
vamanaInner mallocs: (searchPoints2) done
greedySearch done
Vamana<T__>::search (total) done
[Main] Iter 132: Opened: gt_132.bin, size: 1447208, cache_size: 1447208
Reading truthset file gt_132.bin ...
Metadata: #pts = 1809, #dims = 100... 
Opened: res_132.bin, size: 1439972, cache_size: 1439972
Reading truthset file res_132.bin ...
Metadata: #pts = 1809, #dims = 199... 
Calculating recall@10
Avg. recall@10 is 0.00552792
[ searchPoints2 ]
vamanaInner mallocs: (searchPoints2) done
greedySearch done
Vamana<T__>::search (total) done
[Main] Iter 133: Opened: gt_133.bin, size: 1441608, cache_size: 1441608
Reading truthset file gt_133.bin ...
Metadata: #pts = 1802, #dims = 100... 
Opened: res_133.bin, size: 1434400, cache_size: 1434400
Reading truthset file res_133.bin ...
Metadata: #pts = 1802, #dims = 199... 
Calculating recall@10
Avg. recall@10 is 0.00554939
[ searchPoints2 ]
vamanaInner mallocs: (searchPoints2) done
greedySearch done
Vamana<T__>::search (total) done
[Main] Iter 134: Opened: gt_134.bin, size: 1452808, cache_size: 1452808
Reading truthset file gt_134.bin ...
Metadata: #pts = 1816, #dims = 100... 
Opened: res_134.bin, size: 1445544, cache_size: 1445544
Reading truthset file res_134.bin ...
Metadata: #pts = 1816, #dims = 199... 
Calculating recall@10
Avg. recall@10 is 0
[ searchPoints2 ]
vamanaInner mallocs: (searchPoints2) done
greedySearch done
Vamana<T__>::search (total) done
[Main] Iter 135: Opened: gt_135.bin, size: 1428808, cache_size: 1428808
Reading truthset file gt_135.bin ...
Metadata: #pts = 1786, #dims = 100... 
Opened: res_135.bin, size: 1421664, cache_size: 1421664
Reading truthset file res_135.bin ...
Metadata: #pts = 1786, #dims = 199... 
Calculating recall@10
Avg. recall@10 is 0
[ searchPoints2 ]
vamanaInner mallocs: (searchPoints2) done
greedySearch done
Vamana<T__>::search (total) done
[Main] Iter 136: Opened: gt_136.bin, size: 1430408, cache_size: 1430408
Reading truthset file gt_136.bin ...
Metadata: #pts = 1788, #dims = 100... 
Opened: res_136.bin, size: 1423256, cache_size: 1423256
Reading truthset file res_136.bin ...
Metadata: #pts = 1788, #dims = 199... 
Calculating recall@10
Avg. recall@10 is 0.0111857
[ searchPoints2 ]
vamanaInner mallocs: (searchPoints2) done
greedySearch done
Vamana<T__>::search (total) done
[Main] Iter 137: Opened: gt_137.bin, size: 1438408, cache_size: 1438408
Reading truthset file gt_137.bin ...
Metadata: #pts = 1798, #dims = 100... 
Opened: res_137.bin, size: 1431216, cache_size: 1431216
Reading truthset file res_137.bin ...
Metadata: #pts = 1798, #dims = 199... 
Calculating recall@10
Avg. recall@10 is 0
[ searchPoints2 ]
vamanaInner mallocs: (searchPoints2) done
greedySearch done
Vamana<T__>::search (total) done
[Main] Iter 138: Opened: gt_138.bin, size: 1449608, cache_size: 1449608
Reading truthset file gt_138.bin ...
Metadata: #pts = 1812, #dims = 100... 
Opened: res_138.bin, size: 1442360, cache_size: 1442360
Reading truthset file res_138.bin ...
Metadata: #pts = 1812, #dims = 199... 
Calculating recall@10
Avg. recall@10 is 0
[ searchPoints2 ]
vamanaInner mallocs: (searchPoints2) done
greedySearch done
Vamana<T__>::search (total) done
[Main] Iter 139: Opened: gt_139.bin, size: 1431208, cache_size: 1431208
Reading truthset file gt_139.bin ...
Metadata: #pts = 1789, #dims = 100... 
Opened: res_139.bin, size: 1424052, cache_size: 1424052
Reading truthset file res_139.bin ...
Metadata: #pts = 1789, #dims = 199... 
Calculating recall@10
Avg. recall@10 is 0.00558971
[ searchPoints2 ]
vamanaInner mallocs: (searchPoints2) done
greedySearch done
Vamana<T__>::search (total) done
[Main] Iter 140: Opened: gt_140.bin, size: 1429608, cache_size: 1429608
Reading truthset file gt_140.bin ...
Metadata: #pts = 1787, #dims = 100... 
Opened: res_140.bin, size: 1422460, cache_size: 1422460
Reading truthset file res_140.bin ...
Metadata: #pts = 1787, #dims = 199... 
Calculating recall@10
Avg. recall@10 is 0.0111919

[Main] Consolidating graph via patchGraph() ...
[ searchPoints2 ]
vamanaInner mallocs: (searchPoints2) done
greedySearch done
Vamana<T__>::search (total) done
[Main] Iter 141: Opened: gt_141.bin, size: 1427208, cache_size: 1427208
Reading truthset file gt_141.bin ...
Metadata: #pts = 1784, #dims = 100... 
Opened: res_141.bin, size: 1420072, cache_size: 1420072
Reading truthset file res_141.bin ...
Metadata: #pts = 1784, #dims = 199... 
Calculating recall@10
Avg. recall@10 is 0.0112108
[ searchPoints2 ]
vamanaInner mallocs: (searchPoints2) done
greedySearch done
Vamana<T__>::search (total) done
[Main] Iter 142: Opened: gt_142.bin, size: 1443208, cache_size: 1443208
Reading truthset file gt_142.bin ...
Metadata: #pts = 1804, #dims = 100... 
Opened: res_142.bin, size: 1435992, cache_size: 1435992
Reading truthset file res_142.bin ...
Metadata: #pts = 1804, #dims = 199... 
Calculating recall@10
Avg. recall@10 is 0.00554324
[ searchPoints2 ]
vamanaInner mallocs: (searchPoints2) done
greedySearch done
Vamana<T__>::search (total) done
[Main] Iter 143: Opened: gt_143.bin, size: 1450408, cache_size: 1450408
Reading truthset file gt_143.bin ...
Metadata: #pts = 1813, #dims = 100... 
Opened: res_143.bin, size: 1443156, cache_size: 1443156
Reading truthset file res_143.bin ...
Metadata: #pts = 1813, #dims = 199... 
Calculating recall@10
Avg. recall@10 is 0.0110314
[ searchPoints2 ]
vamanaInner mallocs: (searchPoints2) done
greedySearch done
Vamana<T__>::search (total) done
[Main] Iter 144: Opened: gt_144.bin, size: 1419208, cache_size: 1419208
Reading truthset file gt_144.bin ...
Metadata: #pts = 1774, #dims = 100... 
Opened: res_144.bin, size: 1412112, cache_size: 1412112
Reading truthset file res_144.bin ...
Metadata: #pts = 1774, #dims = 199... 
Calculating recall@10
Avg. recall@10 is 0.011274
[ searchPoints2 ]
vamanaInner mallocs: (searchPoints2) done
greedySearch done
Vamana<T__>::search (total) done
[Main] Iter 145: Opened: gt_145.bin, size: 1441608, cache_size: 1441608
Reading truthset file gt_145.bin ...
Metadata: #pts = 1802, #dims = 100... 
Opened: res_145.bin, size: 1434400, cache_size: 1434400
Reading truthset file res_145.bin ...
Metadata: #pts = 1802, #dims = 199... 
Calculating recall@10
Avg. recall@10 is 0.0110988
[ searchPoints2 ]
vamanaInner mallocs: (searchPoints2) done
greedySearch done
Vamana<T__>::search (total) done
[Main] Iter 146: Opened: gt_146.bin, size: 1444008, cache_size: 1444008
Reading truthset file gt_146.bin ...
Metadata: #pts = 1805, #dims = 100... 
Opened: res_146.bin, size: 1436788, cache_size: 1436788
Reading truthset file res_146.bin ...
Metadata: #pts = 1805, #dims = 199... 
Calculating recall@10
Avg. recall@10 is 0
[ searchPoints2 ]
vamanaInner mallocs: (searchPoints2) done
greedySearch done
Vamana<T__>::search (total) done
[Main] Iter 147: Opened: gt_147.bin, size: 1423208, cache_size: 1423208
Reading truthset file gt_147.bin ...
Metadata: #pts = 1779, #dims = 100... 
Opened: res_147.bin, size: 1416092, cache_size: 1416092
Reading truthset file res_147.bin ...
Metadata: #pts = 1779, #dims = 199... 
Calculating recall@10
Avg. recall@10 is 0
[ searchPoints2 ]
vamanaInner mallocs: (searchPoints2) done
greedySearch done
Vamana<T__>::search (total) done
[Main] Iter 148: Opened: gt_148.bin, size: 1431208, cache_size: 1431208
Reading truthset file gt_148.bin ...
Metadata: #pts = 1789, #dims = 100... 
Opened: res_148.bin, size: 1424052, cache_size: 1424052
Reading truthset file res_148.bin ...
Metadata: #pts = 1789, #dims = 199... 
Calculating recall@10
Avg. recall@10 is 0
[ searchPoints2 ]
vamanaInner mallocs: (searchPoints2) done
greedySearch done
Vamana<T__>::search (total) done
[Main] Iter 149: Opened: gt_149.bin, size: 1437608, cache_size: 1437608
Reading truthset file gt_149.bin ...
Metadata: #pts = 1797, #dims = 100... 
Opened: res_149.bin, size: 1430420, cache_size: 1430420
Reading truthset file res_149.bin ...
Metadata: #pts = 1797, #dims = 199... 
Calculating recall@10
Avg. recall@10 is 0.0111297
[ searchPoints2 ]
vamanaInner mallocs: (searchPoints2) done
greedySearch done
Vamana<T__>::search (total) done
[Main] Iter 150: Opened: gt_150.bin, size: 1428008, cache_size: 1428008
Reading truthset file gt_150.bin ...
Metadata: #pts = 1785, #dims = 100... 
Opened: res_150.bin, size: 1420868, cache_size: 1420868
Reading truthset file res_150.bin ...
Metadata: #pts = 1785, #dims = 199... 
Calculating recall@10
Avg. recall@10 is 0.0112045

[Main] Consolidating graph via patchGraph() ...
[ searchPoints2 ]
vamanaInner mallocs: (searchPoints2) done
greedySearch done
Vamana<T__>::search (total) done
[Main] Iter 151: Opened: gt_151.bin, size: 1423208, cache_size: 1423208
Reading truthset file gt_151.bin ...
Metadata: #pts = 1779, #dims = 100... 
Opened: res_151.bin, size: 1416092, cache_size: 1416092
Reading truthset file res_151.bin ...
Metadata: #pts = 1779, #dims = 199... 
Calculating recall@10
Avg. recall@10 is 0
[ searchPoints2 ]
vamanaInner mallocs: (searchPoints2) done
greedySearch done
Vamana<T__>::search (total) done
[Main] Iter 152: Opened: gt_152.bin, size: 1433608, cache_size: 1433608
Reading truthset file gt_152.bin ...
Metadata: #pts = 1792, #dims = 100... 
Opened: res_152.bin, size: 1426440, cache_size: 1426440
Reading truthset file res_152.bin ...
Metadata: #pts = 1792, #dims = 199... 
Calculating recall@10
Avg. recall@10 is 0.00558036
[ searchPoints2 ]
vamanaInner mallocs: (searchPoints2) done
greedySearch done
Vamana<T__>::search (total) done
[Main] Iter 153: Opened: gt_153.bin, size: 1436008, cache_size: 1436008
Reading truthset file gt_153.bin ...
Metadata: #pts = 1795, #dims = 100... 
Opened: res_153.bin, size: 1428828, cache_size: 1428828
Reading truthset file res_153.bin ...
Metadata: #pts = 1795, #dims = 199... 
Calculating recall@10
Avg. recall@10 is 0
[ searchPoints2 ]
vamanaInner mallocs: (searchPoints2) done
greedySearch done
Vamana<T__>::search (total) done
[Main] Iter 154: Opened: gt_154.bin, size: 1446408, cache_size: 1446408
Reading truthset file gt_154.bin ...
Metadata: #pts = 1808, #dims = 100... 
Opened: res_154.bin, size: 1439176, cache_size: 1439176
Reading truthset file res_154.bin ...
Metadata: #pts = 1808, #dims = 199... 
Calculating recall@10
Avg. recall@10 is 0.00553097
[ searchPoints2 ]
vamanaInner mallocs: (searchPoints2) done
greedySearch done
Vamana<T__>::search (total) done
[Main] Iter 155: Opened: gt_155.bin, size: 1439208, cache_size: 1439208
Reading truthset file gt_155.bin ...
Metadata: #pts = 1799, #dims = 100... 
Opened: res_155.bin, size: 1432012, cache_size: 1432012
Reading truthset file res_155.bin ...
Metadata: #pts = 1799, #dims = 199... 
Calculating recall@10
Avg. recall@10 is 0
[ searchPoints2 ]
vamanaInner mallocs: (searchPoints2) done
greedySearch done
Vamana<T__>::search (total) done
[Main] Iter 156: Opened: gt_156.bin, size: 1464008, cache_size: 1464008
Reading truthset file gt_156.bin ...
Metadata: #pts = 1830, #dims = 100... 
Opened: res_156.bin, size: 1456688, cache_size: 1456688
Reading truthset file res_156.bin ...
Metadata: #pts = 1830, #dims = 199... 
Calculating recall@10
Avg. recall@10 is 0
[ searchPoints2 ]
vamanaInner mallocs: (searchPoints2) done
greedySearch done
Vamana<T__>::search (total) done
[Main] Iter 157: Opened: gt_157.bin, size: 1444808, cache_size: 1444808
Reading truthset file gt_157.bin ...
Metadata: #pts = 1806, #dims = 100... 
Opened: res_157.bin, size: 1437584, cache_size: 1437584
Reading truthset file res_157.bin ...
Metadata: #pts = 1806, #dims = 199... 
Calculating recall@10
Avg. recall@10 is 0
[ searchPoints2 ]
vamanaInner mallocs: (searchPoints2) done
greedySearch done
Vamana<T__>::search (total) done
[Main] Iter 158: Opened: gt_158.bin, size: 1448008, cache_size: 1448008
Reading truthset file gt_158.bin ...
Metadata: #pts = 1810, #dims = 100... 
Opened: res_158.bin, size: 1440768, cache_size: 1440768
Reading truthset file res_158.bin ...
Metadata: #pts = 1810, #dims = 199... 
Calculating recall@10
Avg. recall@10 is 0.0165746
[ searchPoints2 ]
vamanaInner mallocs: (searchPoints2) done
greedySearch done
Vamana<T__>::search (total) done
[Main] Iter 159: Opened: gt_159.bin, size: 1452808, cache_size: 1452808
Reading truthset file gt_159.bin ...
Metadata: #pts = 1816, #dims = 100... 
Opened: res_159.bin, size: 1445544, cache_size: 1445544
Reading truthset file res_159.bin ...
Metadata: #pts = 1816, #dims = 199... 
Calculating recall@10
Avg. recall@10 is 0.00550661
[ searchPoints2 ]
vamanaInner mallocs: (searchPoints2) done
greedySearch done
Vamana<T__>::search (total) done
[Main] Iter 160: Opened: gt_160.bin, size: 1448808, cache_size: 1448808
Reading truthset file gt_160.bin ...
Metadata: #pts = 1811, #dims = 100... 
Opened: res_160.bin, size: 1441564, cache_size: 1441564
Reading truthset file res_160.bin ...
Metadata: #pts = 1811, #dims = 199... 
Calculating recall@10
Avg. recall@10 is 0

[Main] Consolidating graph via patchGraph() ...
[ searchPoints2 ]
vamanaInner mallocs: (searchPoints2) done
greedySearch done
Vamana<T__>::search (total) done
[Main] Iter 161: Opened: gt_161.bin, size: 1445608, cache_size: 1445608
Reading truthset file gt_161.bin ...
Metadata: #pts = 1807, #dims = 100... 
Opened: res_161.bin, size: 1438380, cache_size: 1438380
Reading truthset file res_161.bin ...
Metadata: #pts = 1807, #dims = 199... 
Calculating recall@10
Avg. recall@10 is 0.0110681
[ searchPoints2 ]
vamanaInner mallocs: (searchPoints2) done
greedySearch done
Vamana<T__>::search (total) done
[Main] Iter 162: Opened: gt_162.bin, size: 1460008, cache_size: 1460008
Reading truthset file gt_162.bin ...
Metadata: #pts = 1825, #dims = 100... 
Opened: res_162.bin, size: 1452708, cache_size: 1452708
Reading truthset file res_162.bin ...
Metadata: #pts = 1825, #dims = 199... 
Calculating recall@10
Avg. recall@10 is 0.00547945
[ searchPoints2 ]
vamanaInner mallocs: (searchPoints2) done
greedySearch done
Vamana<T__>::search (total) done
[Main] Iter 163: Opened: gt_163.bin, size: 1436008, cache_size: 1436008
Reading truthset file gt_163.bin ...
Metadata: #pts = 1795, #dims = 100... 
Opened: res_163.bin, size: 1428828, cache_size: 1428828
Reading truthset file res_163.bin ...
Metadata: #pts = 1795, #dims = 199... 
Calculating recall@10
Avg. recall@10 is 0
[ searchPoints2 ]
vamanaInner mallocs: (searchPoints2) done
greedySearch done
Vamana<T__>::search (total) done
[Main] Iter 164: Opened: gt_164.bin, size: 1448808, cache_size: 1448808
Reading truthset file gt_164.bin ...
Metadata: #pts = 1811, #dims = 100... 
Opened: res_164.bin, size: 1441564, cache_size: 1441564
Reading truthset file res_164.bin ...
Metadata: #pts = 1811, #dims = 199... 
Calculating recall@10
Avg. recall@10 is 0
[ searchPoints2 ]
vamanaInner mallocs: (searchPoints2) done
greedySearch done
Vamana<T__>::search (total) done
[Main] Iter 165: Opened: gt_165.bin, size: 1423208, cache_size: 1423208
Reading truthset file gt_165.bin ...
Metadata: #pts = 1779, #dims = 100... 
Opened: res_165.bin, size: 1416092, cache_size: 1416092
Reading truthset file res_165.bin ...
Metadata: #pts = 1779, #dims = 199... 
Calculating recall@10
Avg. recall@10 is 0
[ searchPoints2 ]
vamanaInner mallocs: (searchPoints2) done
greedySearch done
Vamana<T__>::search (total) done
[Main] Iter 166: Opened: gt_166.bin, size: 1418408, cache_size: 1418408
Reading truthset file gt_166.bin ...
Metadata: #pts = 1773, #dims = 100... 
Opened: res_166.bin, size: 1411316, cache_size: 1411316
Reading truthset file res_166.bin ...
Metadata: #pts = 1773, #dims = 199... 
Calculating recall@10
Avg. recall@10 is 0
[ searchPoints2 ]
vamanaInner mallocs: (searchPoints2) done
greedySearch done
Vamana<T__>::search (total) done
[Main] Iter 167: Opened: gt_167.bin, size: 1452008, cache_size: 1452008
Reading truthset file gt_167.bin ...
Metadata: #pts = 1815, #dims = 100... 
Opened: res_167.bin, size: 1444748, cache_size: 1444748
Reading truthset file res_167.bin ...
Metadata: #pts = 1815, #dims = 199... 
Calculating recall@10
Avg. recall@10 is 0
[ searchPoints2 ]
vamanaInner mallocs: (searchPoints2) done
greedySearch done
Vamana<T__>::search (total) done
[Main] Iter 168: Opened: gt_168.bin, size: 1445608, cache_size: 1445608
Reading truthset file gt_168.bin ...
Metadata: #pts = 1807, #dims = 100... 
Opened: res_168.bin, size: 1438380, cache_size: 1438380
Reading truthset file res_168.bin ...
Metadata: #pts = 1807, #dims = 199... 
Calculating recall@10
Avg. recall@10 is 0
[ searchPoints2 ]
vamanaInner mallocs: (searchPoints2) done
greedySearch done
Vamana<T__>::search (total) done
[Main] Iter 169: Opened: gt_169.bin, size: 1452808, cache_size: 1452808
Reading truthset file gt_169.bin ...
Metadata: #pts = 1816, #dims = 100... 
Opened: res_169.bin, size: 1445544, cache_size: 1445544
Reading truthset file res_169.bin ...
Metadata: #pts = 1816, #dims = 199... 
Calculating recall@10
Avg. recall@10 is 0.00550661
[ searchPoints2 ]
vamanaInner mallocs: (searchPoints2) done
greedySearch done
Vamana<T__>::search (total) done
[Main] Iter 170: Opened: gt_170.bin, size: 1455208, cache_size: 1455208
Reading truthset file gt_170.bin ...
Metadata: #pts = 1819, #dims = 100... 
Opened: res_170.bin, size: 1447932, cache_size: 1447932
Reading truthset file res_170.bin ...
Metadata: #pts = 1819, #dims = 199... 
Calculating recall@10
Avg. recall@10 is 0.00549753

[Main] Consolidating graph via patchGraph() ...
[ searchPoints2 ]
vamanaInner mallocs: (searchPoints2) done
greedySearch done
Vamana<T__>::search (total) done
[Main] Iter 171: Opened: gt_171.bin, size: 1439208, cache_size: 1439208
Reading truthset file gt_171.bin ...
Metadata: #pts = 1799, #dims = 100... 
Opened: res_171.bin, size: 1432012, cache_size: 1432012
Reading truthset file res_171.bin ...
Metadata: #pts = 1799, #dims = 199... 
Calculating recall@10
Avg. recall@10 is 0.00555864
[ searchPoints2 ]
vamanaInner mallocs: (searchPoints2) done
greedySearch done
Vamana<T__>::search (total) done
[Main] Iter 172: Opened: gt_172.bin, size: 1461608, cache_size: 1461608
Reading truthset file gt_172.bin ...
Metadata: #pts = 1827, #dims = 100... 
Opened: res_172.bin, size: 1454300, cache_size: 1454300
Reading truthset file res_172.bin ...
Metadata: #pts = 1827, #dims = 199... 
Calculating recall@10
Avg. recall@10 is 0
[ searchPoints2 ]
vamanaInner mallocs: (searchPoints2) done
greedySearch done
Vamana<T__>::search (total) done
[Main] Iter 173: Opened: gt_173.bin, size: 1445608, cache_size: 1445608
Reading truthset file gt_173.bin ...
Metadata: #pts = 1807, #dims = 100... 
Opened: res_173.bin, size: 1438380, cache_size: 1438380
Reading truthset file res_173.bin ...
Metadata: #pts = 1807, #dims = 199... 
Calculating recall@10
Avg. recall@10 is 0.00553403
[ searchPoints2 ]
vamanaInner mallocs: (searchPoints2) done
greedySearch done
Vamana<T__>::search (total) done
[Main] Iter 174: Opened: gt_174.bin, size: 1445608, cache_size: 1445608
Reading truthset file gt_174.bin ...
Metadata: #pts = 1807, #dims = 100... 
Opened: res_174.bin, size: 1438380, cache_size: 1438380
Reading truthset file res_174.bin ...
Metadata: #pts = 1807, #dims = 199... 
Calculating recall@10
Avg. recall@10 is 0.00553403
[ searchPoints2 ]
vamanaInner mallocs: (searchPoints2) done
greedySearch done
Vamana<T__>::search (total) done
[Main] Iter 175: Opened: gt_175.bin, size: 1428008, cache_size: 1428008
Reading truthset file gt_175.bin ...
Metadata: #pts = 1785, #dims = 100... 
Opened: res_175.bin, size: 1420868, cache_size: 1420868
Reading truthset file res_175.bin ...
Metadata: #pts = 1785, #dims = 199... 
Calculating recall@10
Avg. recall@10 is 0
[ searchPoints2 ]
vamanaInner mallocs: (searchPoints2) done
greedySearch done
Vamana<T__>::search (total) done
[Main] Iter 176: Opened: gt_176.bin, size: 1456008, cache_size: 1456008
Reading truthset file gt_176.bin ...
Metadata: #pts = 1820, #dims = 100... 
Opened: res_176.bin, size: 1448728, cache_size: 1448728
Reading truthset file res_176.bin ...
Metadata: #pts = 1820, #dims = 199... 
Calculating recall@10
Avg. recall@10 is 0.00549451
[ searchPoints2 ]
vamanaInner mallocs: (searchPoints2) done
greedySearch done
Vamana<T__>::search (total) done
[Main] Iter 177: Opened: gt_177.bin, size: 1436808, cache_size: 1436808
Reading truthset file gt_177.bin ...
Metadata: #pts = 1796, #dims = 100... 
Opened: res_177.bin, size: 1429624, cache_size: 1429624
Reading truthset file res_177.bin ...
Metadata: #pts = 1796, #dims = 199... 
Calculating recall@10
Avg. recall@10 is 0.00556793
[ searchPoints2 ]
vamanaInner mallocs: (searchPoints2) done
greedySearch done
Vamana<T__>::search (total) done
[Main] Iter 178: Opened: gt_178.bin, size: 1438408, cache_size: 1438408
Reading truthset file gt_178.bin ...
Metadata: #pts = 1798, #dims = 100... 
Opened: res_178.bin, size: 1431216, cache_size: 1431216
Reading truthset file res_178.bin ...
Metadata: #pts = 1798, #dims = 199... 
Calculating recall@10
Avg. recall@10 is 0.0111235
[ searchPoints2 ]
vamanaInner mallocs: (searchPoints2) done
greedySearch done
Vamana<T__>::search (total) done
[Main] Iter 179: Opened: gt_179.bin, size: 1444008, cache_size: 1444008
Reading truthset file gt_179.bin ...
Metadata: #pts = 1805, #dims = 100... 
Opened: res_179.bin, size: 1436788, cache_size: 1436788
Reading truthset file res_179.bin ...
Metadata: #pts = 1805, #dims = 199... 
Calculating recall@10
Avg. recall@10 is 0.0166205
[ searchPoints2 ]
vamanaInner mallocs: (searchPoints2) done
greedySearch done
Vamana<T__>::search (total) done
[Main] Iter 180: Opened: gt_180.bin, size: 1447208, cache_size: 1447208
Reading truthset file gt_180.bin ...
Metadata: #pts = 1809, #dims = 100... 
Opened: res_180.bin, size: 1439972, cache_size: 1439972
Reading truthset file res_180.bin ...
Metadata: #pts = 1809, #dims = 199... 
Calculating recall@10
Avg. recall@10 is 0

[Main] Consolidating graph via patchGraph() ...
[ searchPoints2 ]
vamanaInner mallocs: (searchPoints2) done
greedySearch done
Vamana<T__>::search (total) done
[Main] Iter 181: Opened: gt_181.bin, size: 1446408, cache_size: 1446408
Reading truthset file gt_181.bin ...
Metadata: #pts = 1808, #dims = 100... 
Opened: res_181.bin, size: 1439176, cache_size: 1439176
Reading truthset file res_181.bin ...
Metadata: #pts = 1808, #dims = 199... 
Calculating recall@10
Avg. recall@10 is 0.00553097
[ searchPoints2 ]
vamanaInner mallocs: (searchPoints2) done
greedySearch done
Vamana<T__>::search (total) done
[Main] Iter 182: Opened: gt_182.bin, size: 1436008, cache_size: 1436008
Reading truthset file gt_182.bin ...
Metadata: #pts = 1795, #dims = 100... 
Opened: res_182.bin, size: 1428828, cache_size: 1428828
Reading truthset file res_182.bin ...
Metadata: #pts = 1795, #dims = 199... 
Calculating recall@10
Avg. recall@10 is 0.00557103
[ searchPoints2 ]
vamanaInner mallocs: (searchPoints2) done
greedySearch done
Vamana<T__>::search (total) done
[Main] Iter 183: Opened: gt_183.bin, size: 1456808, cache_size: 1456808
Reading truthset file gt_183.bin ...
Metadata: #pts = 1821, #dims = 100... 
Opened: res_183.bin, size: 1449524, cache_size: 1449524
Reading truthset file res_183.bin ...
Metadata: #pts = 1821, #dims = 199... 
Calculating recall@10
Avg. recall@10 is 0
[ searchPoints2 ]
vamanaInner mallocs: (searchPoints2) done
greedySearch done
Vamana<T__>::search (total) done
[Main] Iter 184: Opened: gt_184.bin, size: 1447208, cache_size: 1447208
Reading truthset file gt_184.bin ...
Metadata: #pts = 1809, #dims = 100... 
Opened: res_184.bin, size: 1439972, cache_size: 1439972
Reading truthset file res_184.bin ...
Metadata: #pts = 1809, #dims = 199... 
Calculating recall@10
Avg. recall@10 is 0.00552792
[ searchPoints2 ]
vamanaInner mallocs: (searchPoints2) done
greedySearch done
Vamana<T__>::search (total) done
[Main] Iter 185: Opened: gt_185.bin, size: 1433608, cache_size: 1433608
Reading truthset file gt_185.bin ...
Metadata: #pts = 1792, #dims = 100... 
Opened: res_185.bin, size: 1426440, cache_size: 1426440
Reading truthset file res_185.bin ...
Metadata: #pts = 1792, #dims = 199... 
Calculating recall@10
Avg. recall@10 is 0.00558036
[ searchPoints2 ]
vamanaInner mallocs: (searchPoints2) done
greedySearch done
Vamana<T__>::search (total) done
[Main] Iter 186: Opened: gt_186.bin, size: 1422408, cache_size: 1422408
Reading truthset file gt_186.bin ...
Metadata: #pts = 1778, #dims = 100... 
Opened: res_186.bin, size: 1415296, cache_size: 1415296
Reading truthset file res_186.bin ...
Metadata: #pts = 1778, #dims = 199... 
Calculating recall@10
Avg. recall@10 is 0
[ searchPoints2 ]
vamanaInner mallocs: (searchPoints2) done
greedySearch done
Vamana<T__>::search (total) done
[Main] Iter 187: Opened: gt_187.bin, size: 1427208, cache_size: 1427208
Reading truthset file gt_187.bin ...
Metadata: #pts = 1784, #dims = 100... 
Opened: res_187.bin, size: 1420072, cache_size: 1420072
Reading truthset file res_187.bin ...
Metadata: #pts = 1784, #dims = 199... 
Calculating recall@10
Avg. recall@10 is 0.0112108
[ searchPoints2 ]
vamanaInner mallocs: (searchPoints2) done
greedySearch done
Vamana<T__>::search (total) done
[Main] Iter 188: Opened: gt_188.bin, size: 1425608, cache_size: 1425608
Reading truthset file gt_188.bin ...
Metadata: #pts = 1782, #dims = 100... 
Opened: res_188.bin, size: 1418480, cache_size: 1418480
Reading truthset file res_188.bin ...
Metadata: #pts = 1782, #dims = 199... 
Calculating recall@10
Avg. recall@10 is 0.0112233
[ searchPoints2 ]
vamanaInner mallocs: (searchPoints2) done
greedySearch done
Vamana<T__>::search (total) done
[Main] Iter 189: Opened: gt_189.bin, size: 1428008, cache_size: 1428008
Reading truthset file gt_189.bin ...
Metadata: #pts = 1785, #dims = 100... 
Opened: res_189.bin, size: 1420868, cache_size: 1420868
Reading truthset file res_189.bin ...
Metadata: #pts = 1785, #dims = 199... 
Calculating recall@10
Avg. recall@10 is 0
[ searchPoints2 ]
vamanaInner mallocs: (searchPoints2) done
greedySearch done
Vamana<T__>::search (total) done
[Main] Iter 190: Opened: gt_190.bin, size: 1456008, cache_size: 1456008
Reading truthset file gt_190.bin ...
Metadata: #pts = 1820, #dims = 100... 
Opened: res_190.bin, size: 1448728, cache_size: 1448728
Reading truthset file res_190.bin ...
Metadata: #pts = 1820, #dims = 199... 
Calculating recall@10
Avg. recall@10 is 0

[Main] Consolidating graph via patchGraph() ...
[ searchPoints2 ]
vamanaInner mallocs: (searchPoints2) done
greedySearch done
Vamana<T__>::search (total) done
[Main] Iter 191: Opened: gt_191.bin, size: 1402408, cache_size: 1402408
Reading truthset file gt_191.bin ...
Metadata: #pts = 1753, #dims = 100... 
Opened: res_191.bin, size: 1395396, cache_size: 1395396
Reading truthset file res_191.bin ...
Metadata: #pts = 1753, #dims = 199... 
Calculating recall@10
Avg. recall@10 is 0
[ searchPoints2 ]
vamanaInner mallocs: (searchPoints2) done
greedySearch done
Vamana<T__>::search (total) done
[Main] Iter 192: Opened: gt_192.bin, size: 1432808, cache_size: 1432808
Reading truthset file gt_192.bin ...
Metadata: #pts = 1791, #dims = 100... 
Opened: res_192.bin, size: 1425644, cache_size: 1425644
Reading truthset file res_192.bin ...
Metadata: #pts = 1791, #dims = 199... 
Calculating recall@10
Avg. recall@10 is 0
[ searchPoints2 ]
vamanaInner mallocs: (searchPoints2) done
greedySearch done
Vamana<T__>::search (total) done
[Main] Iter 193: Opened: gt_193.bin, size: 1448808, cache_size: 1448808
Reading truthset file gt_193.bin ...
Metadata: #pts = 1811, #dims = 100... 
Opened: res_193.bin, size: 1441564, cache_size: 1441564
Reading truthset file res_193.bin ...
Metadata: #pts = 1811, #dims = 199... 
Calculating recall@10
Avg. recall@10 is 0.00552181
[ searchPoints2 ]
vamanaInner mallocs: (searchPoints2) done
greedySearch done
Vamana<T__>::search (total) done
[Main] Iter 194: Opened: gt_194.bin, size: 1413608, cache_size: 1413608
Reading truthset file gt_194.bin ...
Metadata: #pts = 1767, #dims = 100... 
Opened: res_194.bin, size: 1406540, cache_size: 1406540
Reading truthset file res_194.bin ...
Metadata: #pts = 1767, #dims = 199... 
Calculating recall@10
Avg. recall@10 is 0
[ searchPoints2 ]
vamanaInner mallocs: (searchPoints2) done
greedySearch done
Vamana<T__>::search (total) done
[Main] Iter 195: Opened: gt_195.bin, size: 1455208, cache_size: 1455208
Reading truthset file gt_195.bin ...
Metadata: #pts = 1819, #dims = 100... 
Opened: res_195.bin, size: 1447932, cache_size: 1447932
Reading truthset file res_195.bin ...
Metadata: #pts = 1819, #dims = 199... 
Calculating recall@10
Avg. recall@10 is 0.0164926
[ searchPoints2 ]
vamanaInner mallocs: (searchPoints2) done
greedySearch done
Vamana<T__>::search (total) done
[Main] Iter 196: Opened: gt_196.bin, size: 1453608, cache_size: 1453608
Reading truthset file gt_196.bin ...
Metadata: #pts = 1817, #dims = 100... 
Opened: res_196.bin, size: 1446340, cache_size: 1446340
Reading truthset file res_196.bin ...
Metadata: #pts = 1817, #dims = 199... 
Calculating recall@10
Avg. recall@10 is 0
[ searchPoints2 ]
vamanaInner mallocs: (searchPoints2) done
greedySearch done
Vamana<T__>::search (total) done
[Main] Iter 197: Opened: gt_197.bin, size: 1437608, cache_size: 1437608
Reading truthset file gt_197.bin ...
Metadata: #pts = 1797, #dims = 100... 
Opened: res_197.bin, size: 1430420, cache_size: 1430420
Reading truthset file res_197.bin ...
Metadata: #pts = 1797, #dims = 199... 
Calculating recall@10
Avg. recall@10 is 0.00556483
[ searchPoints2 ]
vamanaInner mallocs: (searchPoints2) done
greedySearch done
Vamana<T__>::search (total) done
[Main] Iter 198: Opened: gt_198.bin, size: 1441608, cache_size: 1441608
Reading truthset file gt_198.bin ...
Metadata: #pts = 1802, #dims = 100... 
Opened: res_198.bin, size: 1434400, cache_size: 1434400
Reading truthset file res_198.bin ...
Metadata: #pts = 1802, #dims = 199... 
Calculating recall@10
Avg. recall@10 is 0
[ searchPoints2 ]
vamanaInner mallocs: (searchPoints2) done
greedySearch done
Vamana<T__>::search (total) done
[Main] Iter 199: Opened: gt_199.bin, size: 1440808, cache_size: 1440808
Reading truthset file gt_199.bin ...
Metadata: #pts = 1801, #dims = 100... 
Opened: res_199.bin, size: 1433604, cache_size: 1433604
Reading truthset file res_199.bin ...
Metadata: #pts = 1801, #dims = 199... 
Calculating recall@10
Avg. recall@10 is 0

Dynamic workload finished.
[saveGraph] Saved N=10000 to vamana_dynamic_graph.bin.
